[    0.000000] Initializing cgroup subsys cpuset
[    0.000000] Initializing cgroup subsys cpu
[    0.000000] Initializing cgroup subsys cpuacct
[    0.000000] Linux version 4.4.0-186-generic (buildd@lcy01-amd64-002) (gcc version 5.4.0 20160609 (Ubuntu 5.4.0-6ubuntu1~16.04.12) ) #216-Ubuntu SMP Wed Jul 1 05:34:05 UTC 2020 (Ubuntu 4.4.0-186.216-generic 4.4.228)
[    0.000000] Command line: BOOT_IMAGE=/boot/vmlinuz-4.4.0-186-generic root=LABEL=cloudimg-rootfs ro console=tty1 console=ttyS0
[    0.000000] KERNEL supported cpus:
[    0.000000]   Intel GenuineIntel
[    0.000000]   AMD AuthenticAMD
[    0.000000]   Centaur CentaurHauls
[    0.000000] x86/fpu: xstate_offset[2]:  576, xstate_sizes[2]:  256
[    0.000000] x86/fpu: Supporting XSAVE feature 0x01: 'x87 floating point registers'
[    0.000000] x86/fpu: Supporting XSAVE feature 0x02: 'SSE registers'
[    0.000000] x86/fpu: Supporting XSAVE feature 0x04: 'AVX registers'
[    0.000000] x86/fpu: Enabled xstate features 0x7, context size is 832 bytes, using 'standard' format.
[    0.000000] e820: BIOS-provided physical RAM map:
[    0.000000] BIOS-e820: [mem 0x0000000000000000-0x000000000009fbff] usable
[    0.000000] BIOS-e820: [mem 0x000000000009fc00-0x000000000009ffff] reserved
[    0.000000] BIOS-e820: [mem 0x00000000000f0000-0x00000000000fffff] reserved
[    0.000000] BIOS-e820: [mem 0x0000000000100000-0x000000003ffeffff] usable
[    0.000000] BIOS-e820: [mem 0x000000003fff0000-0x000000003fffffff] ACPI data
[    0.000000] BIOS-e820: [mem 0x00000000fec00000-0x00000000fec00fff] reserved
[    0.000000] BIOS-e820: [mem 0x00000000fee00000-0x00000000fee00fff] reserved
[    0.000000] BIOS-e820: [mem 0x00000000fffc0000-0x00000000ffffffff] reserved
[    0.000000] NX (Execute Disable) protection: active
[    0.000000] SMBIOS 2.5 present.
[    0.000000] Hypervisor detected: KVM
[    0.000000] e820: last_pfn = 0x3fff0 max_arch_pfn = 0x400000000
[    0.000000] MTRR: Disabled
[    0.000000] x86/PAT: MTRRs disabled, skipping PAT initialization too.
[    0.000000] CPU MTRRs all blank - virtualized system.
[    0.000000] x86/PAT: Configuration [0-7]: WB  WT  UC- UC  WB  WT  UC- UC  
[    0.000000] found SMP MP-table at [mem 0x0009fff0-0x0009ffff] mapped at [ffff88000009fff0]
[    0.000000] Scanning 1 areas for low memory corruption
[    0.000000] RAMDISK: [mem 0x362e2000-0x37168fff]
[    0.000000] ACPI: Early table checksum verification disabled
[    0.000000] ACPI: RSDP 0x00000000000E0000 000024 (v02 VBOX  )
[    0.000000] ACPI: XSDT 0x000000003FFF0030 00003C (v01 VBOX   VBOXXSDT 00000001 ASL  00000061)
[    0.000000] ACPI: FACP 0x000000003FFF00F0 0000F4 (v04 VBOX   VBOXFACP 00000001 ASL  00000061)
[    0.000000] ACPI: DSDT 0x000000003FFF0470 002325 (v02 VBOX   VBOXBIOS 00000002 INTL 20100528)
[    0.000000] ACPI: FACS 0x000000003FFF0200 000040
[    0.000000] ACPI: FACS 0x000000003FFF0200 000040
[    0.000000] ACPI: APIC 0x000000003FFF0240 00005C (v02 VBOX   VBOXAPIC 00000001 ASL  00000061)
[    0.000000] ACPI: SSDT 0x000000003FFF02A0 0001CC (v01 VBOX   VBOXCPUT 00000002 INTL 20100528)
[    0.000000] No NUMA configuration found
[    0.000000] Faking a node at [mem 0x0000000000000000-0x000000003ffeffff]
[    0.000000] NODE_DATA(0) allocated [mem 0x3ffeb000-0x3ffeffff]
[    0.000000] kvm-clock: Using msrs 4b564d01 and 4b564d00
[    0.000000] kvm-clock: cpu 0, msr 0:3ffe3001, primary cpu clock
[    0.000000] kvm-clock: using sched offset of 5192390245 cycles
[    0.000000] clocksource: kvm-clock: mask: 0xffffffffffffffff max_cycles: 0x1cd42e4dffb, max_idle_ns: 881590591483 ns
[    0.000000] Zone ranges:
[    0.000000]   DMA      [mem 0x0000000000001000-0x0000000000ffffff]
[    0.000000]   DMA32    [mem 0x0000000001000000-0x000000003ffeffff]
[    0.000000]   Normal   empty
[    0.000000]   Device   empty
[    0.000000] Movable zone start for each node
[    0.000000] Early memory node ranges
[    0.000000]   node   0: [mem 0x0000000000001000-0x000000000009efff]
[    0.000000]   node   0: [mem 0x0000000000100000-0x000000003ffeffff]
[    0.000000] Initmem setup node 0 [mem 0x0000000000001000-0x000000003ffeffff]
[    0.000000] ACPI: PM-Timer IO Port: 0x4008
[    0.000000] IOAPIC[0]: apic_id 2, version 32, address 0xfec00000, GSI 0-23
[    0.000000] ACPI: INT_SRC_OVR (bus 0 bus_irq 0 global_irq 2 dfl dfl)
[    0.000000] ACPI: INT_SRC_OVR (bus 0 bus_irq 9 global_irq 9 low level)
[    0.000000] Using ACPI (MADT) for SMP configuration information
[    0.000000] smpboot: Allowing 2 CPUs, 0 hotplug CPUs
[    0.000000] PM: Registered nosave memory: [mem 0x00000000-0x00000fff]
[    0.000000] PM: Registered nosave memory: [mem 0x0009f000-0x0009ffff]
[    0.000000] PM: Registered nosave memory: [mem 0x000a0000-0x000effff]
[    0.000000] PM: Registered nosave memory: [mem 0x000f0000-0x000fffff]
[    0.000000] e820: [mem 0x40000000-0xfebfffff] available for PCI devices
[    0.000000] Booting paravirtualized kernel on KVM
[    0.000000] clocksource: refined-jiffies: mask: 0xffffffff max_cycles: 0xffffffff, max_idle_ns: 7645519600211568 ns
[    0.000000] setup_percpu: NR_CPUS:512 nr_cpumask_bits:512 nr_cpu_ids:2 nr_node_ids:1
[    0.000000] PERCPU: Embedded 33 pages/cpu @ffff88003fc00000 s95512 r8192 d31464 u1048576
[    0.000000] Built 1 zonelists in Node order, mobility grouping on.  Total pages: 257912
[    0.000000] Policy zone: DMA32
[    0.000000] Kernel command line: BOOT_IMAGE=/boot/vmlinuz-4.4.0-186-generic root=LABEL=cloudimg-rootfs ro console=tty1 console=ttyS0
[    0.000000] PID hash table entries: 4096 (order: 3, 32768 bytes)
[    0.000000] Memory: 997668K/1048120K available (8636K kernel code, 1337K rwdata, 4040K rodata, 1492K init, 1296K bss, 50452K reserved, 0K cma-reserved)
[    0.000000] SLUB: HWalign=64, Order=0-3, MinObjects=0, CPUs=2, Nodes=1
[    0.000000] Kernel/User page tables isolation: enabled
[    0.000000] Hierarchical RCU implementation.
[    0.000000] 	Build-time adjustment of leaf fanout to 64.
[    0.000000] 	RCU restricting CPUs from NR_CPUS=512 to nr_cpu_ids=2.
[    0.000000] RCU: Adjusting geometry for rcu_fanout_leaf=64, nr_cpu_ids=2
[    0.000000] NR_IRQS:33024 nr_irqs:440 16
[    0.000000] Console: colour VGA+ 80x25
[    0.000000] console [tty1] enabled
[    0.000000] console [ttyS0] enabled
[    0.000000] tsc: Detected 3407.998 MHz processor
[    0.217407] Calibrating delay loop (skipped) preset value.. 6815.99 BogoMIPS (lpj=13631992)
[    0.220615] pid_max: default: 32768 minimum: 301
[    0.222602] ACPI: Core revision 20150930
[    0.225089] ACPI: 2 ACPI AML tables successfully acquired and loaded
[    0.227108] Security Framework initialized
[    0.228383] Yama: becoming mindful.
[    0.229531] AppArmor: AppArmor initialized
[    0.230886] Dentry cache hash table entries: 131072 (order: 8, 1048576 bytes)
[    0.234325] Inode-cache hash table entries: 65536 (order: 7, 524288 bytes)
[    0.236507] Mount-cache hash table entries: 2048 (order: 2, 16384 bytes)
[    0.238501] Mountpoint-cache hash table entries: 2048 (order: 2, 16384 bytes)
[    0.240582] Initializing cgroup subsys io
[    0.241998] Initializing cgroup subsys memory
[    0.243691] Initializing cgroup subsys devices
[    0.245217] Initializing cgroup subsys freezer
[    0.246649] Initializing cgroup subsys net_cls
[    0.248177] Initializing cgroup subsys perf_event
[    0.249695] Initializing cgroup subsys net_prio
[    0.251139] Initializing cgroup subsys hugetlb
[    0.252535] Initializing cgroup subsys pids
[    0.255522] mce: CPU supports 0 MCE banks
[    0.257133] Last level iTLB entries: 4KB 128, 2MB 8, 4MB 8
[    0.258691] Last level dTLB entries: 4KB 64, 2MB 0, 4MB 0, 1GB 4
[    0.260416] Spectre V1 : Mitigation: usercopy/swapgs barriers and __user pointer sanitization
[    0.263224] Spectre V2 : Mitigation: Full generic retpoline
[    0.264955] Spectre V2 : Spectre v2 / SpectreRSB mitigation: Filling RSB on context switch
[    0.267846] Speculative Store Bypass: Vulnerable
[    0.269260] SRBDS: Unknown: Dependent on hypervisor status
[    0.270975] MDS: Mitigation: Clear CPU buffers
[    0.275250] Freeing SMP alternatives memory: 36K
[    0.281939] ftrace: allocating 32334 entries in 127 pages
[    0.335574] smpboot: APIC(0) Converting physical 0 to logical package 0
[    0.337436] smpboot: Max logical packages: 1
[    0.338951] x2apic enabled
[    0.340053] Switched APIC routing to physical x2apic.
[    0.342496] ..TIMER: vector=0x30 apic1=0 pin1=2 apic2=-1 pin2=-1
[    0.452615] smpboot: CPU0: Intel(R) Core(TM) i5-7500 CPU @ 3.40GHz (family: 0x6, model: 0x9e, stepping: 0x9)
[    0.456506] Performance Events: unsupported p6 CPU model 158 no PMU driver, software events only.
[    0.473097] KVM setup paravirtual spinlock
[    0.475661] x86: Booting SMP configuration:
[    0.477682] .... node  #0, CPUs:      #1
[    0.479699] kvm-clock: cpu 1, msr 0:3ffe3041, secondary cpu clock
[    0.483450] mce: CPU supports 0 MCE banks
[    0.486873] x86: Booted up 1 node, 2 CPUs
[    0.489045] smpboot: Total of 2 processors activated (13631.99 BogoMIPS)
[    0.493073] devtmpfs: initialized
[    0.497858] evm: security.selinux
[    0.499665] evm: security.SMACK64
[    0.501543] evm: security.SMACK64EXEC
[    0.503543] evm: security.SMACK64TRANSMUTE
[    0.505521] evm: security.SMACK64MMAP
[    0.507349] evm: security.ima
[    0.508813] evm: security.capability
[    0.510845] clocksource: jiffies: mask: 0xffffffff max_cycles: 0xffffffff, max_idle_ns: 7645041785100000 ns
[    0.515618] futex hash table entries: 512 (order: 3, 32768 bytes)
[    0.518862] pinctrl core: initialized pinctrl subsystem
[    0.521598] RTC time:  3:57:08, date: 08/22/20
[    0.524028] NET: Registered protocol family 16
[    0.537328] cpuidle: using governor ladder
[    0.549463] cpuidle: using governor menu
[    0.552916] PCCT header not found.
[    0.554850] ACPI: bus type PCI registered
[    0.556428] acpiphp: ACPI Hot Plug PCI Controller Driver version: 0.5
[    0.558897] PCI: Using configuration type 1 for base access
[    0.573812] ACPI: Added _OSI(Module Device)
[    0.575305] ACPI: Added _OSI(Processor Device)
[    0.576724] ACPI: Added _OSI(3.0 _SCP Extensions)
[    0.578294] ACPI: Added _OSI(Processor Aggregator Device)
[    0.580836] ACPI: Executed 1 blocks of module-level executable AML code
[    0.585138] ACPI: Interpreter enabled
[    0.586464] ACPI: (supports S0 S5)
[    0.587658] ACPI: Using IOAPIC for interrupt routing
[    0.589407] PCI: Using host bridge windows from ACPI; if necessary, use "pci=nocrs" and report a bug
[    0.596309] ACPI: PCI Root Bridge [PCI0] (domain 0000 [bus 00-ff])
[    0.598366] acpi PNP0A03:00: _OSC: OS supports [ASPM ClockPM Segments MSI]
[    0.601238] acpi PNP0A03:00: _OSC: not requesting OS control; OS requires [ExtendedConfig ASPM ClockPM MSI]
[    0.604577] acpi PNP0A03:00: fail to add MMCONFIG information, can't access extended PCI configuration space under this bridge.
[    0.608658] PCI host bridge to bus 0000:00
[    0.610071] pci_bus 0000:00: root bus resource [io  0x0000-0x0cf7 window]
[    0.612231] pci_bus 0000:00: root bus resource [io  0x0d00-0xffff window]
[    0.614281] pci_bus 0000:00: root bus resource [mem 0x000a0000-0x000bffff window]
[    0.616749] pci_bus 0000:00: root bus resource [mem 0x40000000-0xfdffffff window]
[    0.619934] pci_bus 0000:00: root bus resource [bus 00-ff]
[    0.624745] pci 0000:00:01.1: legacy IDE quirk: reg 0x10: [io  0x01f0-0x01f7]
[    0.627229] pci 0000:00:01.1: legacy IDE quirk: reg 0x14: [io  0x03f6]
[    0.629604] pci 0000:00:01.1: legacy IDE quirk: reg 0x18: [io  0x0170-0x0177]
[    0.639802] pci 0000:00:01.1: legacy IDE quirk: reg 0x1c: [io  0x0376]
[    0.660541] pci 0000:00:07.0: quirk: [io  0x4000-0x403f] claimed by PIIX4 ACPI
[    0.663324] pci 0000:00:07.0: quirk: [io  0x4100-0x410f] claimed by PIIX4 SMB
[    0.676317] ACPI: PCI Interrupt Link [LNKA] (IRQs 5 9 10 *11)
[    0.678882] ACPI: PCI Interrupt Link [LNKB] (IRQs 5 9 *10 11)
[    0.681303] ACPI: PCI Interrupt Link [LNKC] (IRQs 5 *9 10 11)
[    0.683927] ACPI: PCI Interrupt Link [LNKD] (IRQs 5 9 10 *11)
[    0.686265] ACPI: Enabled 2 GPEs in block 00 to 07
[    0.688306] vgaarb: setting as boot device: PCI:0000:00:02.0
[    0.690141] vgaarb: device added: PCI:0000:00:02.0,decodes=io+mem,owns=io+mem,locks=none
[    0.692720] vgaarb: loaded
[    0.693665] vgaarb: bridge control possible 0000:00:02.0
[    0.695802] SCSI subsystem initialized
[    0.697248] ACPI: bus type USB registered
[    0.699055] usbcore: registered new interface driver usbfs
[    0.701108] usbcore: registered new interface driver hub
[    0.703089] usbcore: registered new device driver usb
[    0.705356] PCI: Using ACPI for IRQ routing
[    0.708649] NetLabel: Initializing
[    0.709881] NetLabel:  domain hash size = 128
[    0.712119] NetLabel:  protocols = UNLABELED CIPSOv4
[    0.713899] NetLabel:  unlabeled traffic allowed by default
[    0.716247] amd_nb: Cannot enumerate AMD northbridges
[    0.718078] clocksource: Switched to clocksource kvm-clock
[    0.727095] AppArmor: AppArmor Filesystem Enabled
[    0.728725] pnp: PnP ACPI init
[    0.730835] pnp: PnP ACPI: found 3 devices
[    0.741353] clocksource: acpi_pm: mask: 0xffffff max_cycles: 0xffffff, max_idle_ns: 2085701024 ns
[    0.744410] NET: Registered protocol family 2
[    0.745899] TCP established hash table entries: 8192 (order: 4, 65536 bytes)
[    0.748066] TCP bind hash table entries: 8192 (order: 5, 131072 bytes)
[    0.750413] TCP: Hash tables configured (established 8192 bind 8192)
[    0.752915] UDP hash table entries: 512 (order: 2, 16384 bytes)
[    0.755866] UDP-Lite hash table entries: 512 (order: 2, 16384 bytes)
[    0.758519] NET: Registered protocol family 1
[    0.759930] pci 0000:00:00.0: Limiting direct PCI/PCI transfers
[    0.761864] pci 0000:00:01.0: Activating ISA DMA hang workarounds
[    0.764659] Unpacking initramfs...
[    0.988225] Freeing initrd memory: 14876K
[    0.990247] clocksource: tsc: mask: 0xffffffffffffffff max_cycles: 0x311fd208cfc, max_idle_ns: 440795283699 ns
[    0.993976] platform rtc_cmos: registered platform RTC device (no PNP device found)
[    0.997170] Scanning for low memory corruption every 60 seconds
[    0.999827] audit: initializing netlink subsys (disabled)
[    1.001632] audit: type=2000 audit(1598068635.275:1): initialized
[    1.004190] Initialise system trusted keyring
[    1.005822] HugeTLB registered 2 MB page size, pre-allocated 0 pages
[    1.008821] zbud: loaded
[    1.010063] VFS: Disk quotas dquot_6.6.0
[    1.011610] VFS: Dquot-cache hash table entries: 512 (order 0, 4096 bytes)
[    1.014025] squashfs: version 4.0 (2009/01/31) Phillip Lougher
[    1.016211] fuse init (API version 7.23)
[    1.017642] Key type big_key registered
[    1.019027] Allocating IMA MOK and blacklist keyrings.
[    1.022434] Key type asymmetric registered
[    1.023854] Asymmetric key parser 'x509' registered
[    1.025418] Block layer SCSI generic (bsg) driver version 0.4 loaded (major 249)
[    1.027894] io scheduler noop registered
[    1.029334] io scheduler deadline registered (default)
[    1.031111] io scheduler cfq registered
[    1.032598] pci_hotplug: PCI Hot Plug PCI Core version: 0.5
[    1.034944] pciehp: PCI Express Hot Plug Controller Driver version: 0.4
[    1.037205] ACPI: AC Adapter [AC] (on-line)
[    1.038655] input: Power Button as /devices/LNXSYSTM:00/LNXPWRBN:00/input/input0
[    1.041519] ACPI: Power Button [PWRF]
[    1.042877] input: Sleep Button as /devices/LNXSYSTM:00/LNXSLPBN:00/input/input1
[    1.045412] ACPI: Sleep Button [SLPF]
[    1.047567] GHES: HEST is not enabled!
[    1.049170] Serial: 8250/16550 driver, 32 ports, IRQ sharing enabled
[    1.072241] 00:02: ttyS0 at I/O 0x3f8 (irq = 4, base_baud = 115200) is a 16550A
[    1.075496] Linux agpgart interface v0.103
[    1.077959] loop: module loaded
[    1.080006] scsi host0: ata_piix
[    1.081506] scsi host1: ata_piix
[    1.083089] ata1: PATA max UDMA/33 cmd 0x1f0 ctl 0x3f6 bmdma 0xd000 irq 14
[    1.085192] ata2: PATA max UDMA/33 cmd 0x170 ctl 0x376 bmdma 0xd008 irq 15
[    1.087476] libphy: Fixed MDIO Bus: probed
[    1.088889] tun: Universal TUN/TAP device driver, 1.6
[    1.090640] tun: (C) 1999-2004 Max Krasnyansky <maxk@qualcomm.com>
[    1.093071] PPP generic driver version 2.4.2
[    1.094864] ehci_hcd: USB 2.0 'Enhanced' Host Controller (EHCI) Driver
[    1.097814] ehci-pci: EHCI PCI platform driver
[    1.099412] ehci-platform: EHCI generic platform driver
[    1.101262] ohci_hcd: USB 1.1 'Open' Host Controller (OHCI) Driver
[    1.103404] ohci-pci: OHCI PCI platform driver
[    1.105206] ohci-platform: OHCI generic platform driver
[    1.107255] uhci_hcd: USB Universal Host Controller Interface driver
[    1.109456] i8042: PNP: PS/2 Controller [PNP0303:PS2K,PNP0f03:PS2M] at 0x60,0x64 irq 1,12
[    1.113640] serio: i8042 KBD port at 0x60,0x64 irq 1
[    1.115805] serio: i8042 AUX port at 0x60,0x64 irq 12
[    1.117955] mousedev: PS/2 mouse device common for all mice
[    1.120292] input: AT Translated Set 2 keyboard as /devices/platform/i8042/serio0/input/input2
[    1.123348] rtc_cmos rtc_cmos: rtc core: registered rtc_cmos as rtc0
[    1.125639] rtc_cmos rtc_cmos: alarms up to one day, 114 bytes nvram
[    1.128424] i2c /dev entries driver
[    1.129737] device-mapper: uevent: version 1.0.3
[    1.131652] device-mapper: ioctl: 4.34.0-ioctl (2015-10-28) initialised: dm-devel@redhat.com
[    1.134922] ledtrig-cpu: registered to indicate activity on CPUs
[    1.137737] NET: Registered protocol family 10
[    1.139649] NET: Registered protocol family 17
[    1.141191] Key type dns_resolver registered
[    1.143056] registered taskstats version 1
[    1.144519] Loading compiled-in X.509 certificates
[    1.147041] Loaded X.509 cert 'Build time autogenerated kernel key: cef5e81496c0efa51b848ab539e845ddf31c08be'
[    1.150522] zswap: loaded using pool lzo/zbud
[    1.158277] Key type trusted registered
[    1.162384] Key type encrypted registered
[    1.163908] AppArmor: AppArmor sha1 policy hashing enabled
[    1.165774] ima: No TPM chip found, activating TPM-bypass!
[    1.167530] ima: Allocated hash algorithm: sha1
[    1.169011] evm: HMAC attrs: 0x1
[    1.170727]   Magic number: 0:424:968
[    1.172367] rtc_cmos rtc_cmos: setting system clock to 2020-08-22 03:57:09 UTC (1598068629)
[    1.175876] BIOS EDD facility v0.16 2004-Jun-25, 0 devices found
[    1.177867] EDD information not available.
[    1.265947] Freeing unused kernel memory: 1492K
[    1.267524] Write protecting the kernel read-only data: 14336k
[    1.269839] Freeing unused kernel memory: 1592K
[    1.271448] Freeing unused kernel memory: 56K
Loading, please wait...
starting version 229
[    1.284703] random: systemd-udevd: uninitialized urandom read (16 bytes read, 3 bits of entropy available)
[    1.286485] random: udevadm: uninitialized urandom read (16 bytes read, 3 bits of entropy available)
[    1.286551] random: udevadm: uninitialized urandom read (16 bytes read, 3 bits of entropy available)
[    1.297557] random: systemd-udevd: uninitialized urandom read (16 bytes read, 3 bits of entropy available)
[    1.302788] random: systemd-udevd: uninitialized urandom read (16 bytes read, 3 bits of entropy available)
[    1.303984] random: udevadm: uninitialized urandom read (16 bytes read, 3 bits of entropy available)
[    1.304117] random: udevadm: uninitialized urandom read (16 bytes read, 3 bits of entropy available)
[    1.304515] random: udevadm: uninitialized urandom read (16 bytes read, 3 bits of entropy available)
[    1.304691] random: udevadm: uninitialized urandom read (16 bytes read, 3 bits of entropy available)
[    1.304848] random: udevadm: uninitialized urandom read (16 bytes read, 3 bits of entropy available)
[    1.364838] e1000: Intel(R) PRO/1000 Network Driver - version 7.3.21-k8-NAPI
[    1.368510] e1000: Copyright (c) 1999-2006 Intel Corporation.
[    1.377235] Fusion MPT base driver 3.04.20
[    1.379004] Copyright (c) 1999-2008 LSI Corporation
[    1.394488] Fusion MPT SPI Host driver 3.04.20
[    1.399187] AVX2 version of gcm_enc/dec engaged.
[    1.401526] AES CTR mode by8 optimization enabled
[    1.605930] input: ImExPS/2 Generic Explorer Mouse as /devices/platform/i8042/serio1/input/input4
[    1.967649] e1000 0000:00:03.0 eth0: (PCI:33MHz:32-bit) 02:d4:60:56:24:74
[    1.969925] e1000 0000:00:03.0 eth0: Intel(R) PRO/1000 Network Connection
[    1.973034] mptbase: ioc0: Initiating bringup
[    3.012497] ioc0: LSI53C1030 A0: Capabilities={Initiator}
[    5.806443] scsi host2: ioc0: LSI53C1030 A0, FwRev=00000000h, Ports=1, MaxQ=256, IRQ=20
[    8.808697] scsi 2:0:0:0: Direct-Access     VBOX     HARDDISK         1.0  PQ: 0 ANSI: 5
[    8.811777] scsi target2:0:0: Beginning Domain Validation
[    8.815474] scsi target2:0:0: Domain Validation skipping write tests
[    8.817527] scsi target2:0:0: Ending Domain Validation
[    8.819533] scsi target2:0:0: asynchronous
[    8.821618] scsi 2:0:1:0: Direct-Access     VBOX     HARDDISK         1.0  PQ: 0 ANSI: 5
[    8.824634] scsi target2:0:1: Beginning Domain Validation
[    8.828228] scsi target2:0:1: Domain Validation skipping write tests
[    8.830254] scsi target2:0:1: Ending Domain Validation
[    8.832036] scsi target2:0:1: asynchronous
[    8.850707] sd 2:0:0:0: Attached scsi generic sg0 type 0
[    8.861773] sd 2:0:0:0: [sda] 20971520 512-byte logical blocks: (10.7 GB/10.0 GiB)
[    8.865343] sd 2:0:1:0: Attached scsi generic sg1 type 0
[    8.866823] sd 2:0:1:0: [sdb] 20480 512-byte logical blocks: (10.5 MB/10.0 MiB)
[    8.867190] sd 2:0:1:0: [sdb] Write Protect is off
[    8.867361] sd 2:0:1:0: [sdb] Incomplete mode parameter data
[    8.867362] sd 2:0:1:0: [sdb] Assuming drive cache: write through
[    8.877479] sd 2:0:0:0: [sda] Write Protect is off
[    8.879600] sd 2:0:0:0: [sda] Incomplete mode parameter data
[    8.882266] sd 2:0:0:0: [sda] Assuming drive cache: write through
[    8.890434]  sda: sda1
[    8.892564] sd 2:0:0:0: [sda] Attached SCSI disk
[    8.895546] sd 2:0:1:0: [sdb] Attached SCSI disk
[    9.267141] e1000 0000:00:08.0 eth1: (PCI:33MHz:32-bit) 08:00:27:83:c5:eb
[    9.269287] e1000 0000:00:08.0 eth1: Intel(R) PRO/1000 Network Connection
[    9.272094] e1000 0000:00:08.0 enp0s8: renamed from eth1
[    9.282407] e1000 0000:00:03.0 enp0s3: renamed from eth0
Begin: Loading essential drivers ... [   11.054475] md: linear personality registered for level -1
[   11.058688] md: multipath personality registered for level -4
[   11.063017] md: raid0 personality registered for level 0
[   11.068225] md: raid1 personality registered for level 1
[   11.138187] raid6: sse2x1   gen() 12019 MB/s
[   11.206116] raid6: sse2x1   xor()  9060 MB/s
[   11.274209] raid6: sse2x2   gen() 14984 MB/s
[   11.342388] raid6: sse2x2   xor() 10322 MB/s
[   11.410385] raid6: sse2x4   gen() 16005 MB/s
[   11.478232] raid6: sse2x4   xor() 10007 MB/s
[   11.546188] raid6: avx2x1   gen() 18514 MB/s
[   11.614161] raid6: avx2x2   gen() 20885 MB/s
[   11.682166] raid6: avx2x4   gen() 25992 MB/s
[   11.683939] raid6: using algorithm avx2x4 gen() 25992 MB/s
[   11.685848] raid6: using avx2x2 recovery algorithm
[   11.689012] xor: automatically using best checksumming function:
[   11.730232]    avx       : 20928.000 MB/sec
[   11.734338] async_tx: api initialized (async)
[   11.750607] md: raid6 personality registered for level 6
[   11.752997] md: raid5 personality registered for level 5
[   11.755327] md: raid4 personality registered for level 4
[   11.769002] md: raid10 personality registered for level 10
done.
Begin: Running /scripts/init-premount ... done.
Begin: Mounting root file system ... Begin: Running /scripts/local-top ... done.
Begin: Running /scripts/local-premount ... [   11.817169] Btrfs loaded
Scanning for Btrfs filesystems
done.
Warning: fsck not present, so skipping root file system
[   11.909709] EXT4-fs (sda1): mounted filesystem with ordered data mode. Opts: (null)
done.
Begin: Running /scripts/local-bottom ... done.
Begin: Running /scripts/init-bottom ... done.
[   12.375109] systemd[1]: systemd 229 running in system mode. (+PAM +AUDIT +SELINUX +IMA +APPARMOR +SMACK +SYSVINIT +UTMP +LIBCRYPTSETUP +GCRYPT +GNUTLS +ACL +XZ -LZ4 +SECCOMP +BLKID +ELFUTILS +KMOD -IDN)
[   12.383481] systemd[1]: Detected virtualization oracle.
[   12.386054] systemd[1]: Detected architecture x86-64.

Welcome to [1mUbuntu 16.04.6 LTS[0m!

[   12.420273] systemd[1]: Set hostname to <ubuntu>.
[   12.442348] systemd[1]: Initializing machine ID from random generator.
[   12.445333] systemd[1]: Installed transient /etc/machine-id file.
[   12.957946] systemd[1]: Created slice System Slice.
[[0;32m  OK  [0m] Created slice System Slice.
[   12.960727] systemd[1]: Listening on udev Control Socket.
[[0;32m  OK  [0m] Listening on udev Control Socket.
[   12.970388] systemd[1]: Listening on LVM2 metadata daemon socket.
[[0;32m  OK  [0m] Listening on LVM2 metadata daemon socket.
[   12.978403] systemd[1]: Listening on Journal Audit Socket.
[[0;32m  OK  [0m] Listening on Journal Audit Socket.
[   12.986769] systemd[1]: Started Forward Password Requests to Wall Directory Watch.
[[0;32m  OK  [0m] Started Forward Password Requests to Wall Directory Watch.
[   12.998349] systemd[1]: Listening on Journal Socket (/dev/log).
[[0;32m  OK  [0m] Listening on Journal Socket (/dev/log).
[   13.006555] systemd[1]: Reached target Encrypted Volumes.
[[0;32m  OK  [0m] Reached target Encrypted Volumes.
[   13.014352] systemd[1]: Listening on Journal Socket.
[[0;32m  OK  [0m] Listening on Journal Socket.
[   13.034420] systemd[1]: Starting Uncomplicated firewall...
         Starting Uncomplicated firewall...
[   13.038111] systemd[1]: Starting Set console keymap...
         Starting Set console keymap...
[   13.047286] systemd[1]: Starting Create list of required static device nodes for the current kernel...
         Starting Create list of required st... nodes for the current kernel...
[   13.053525] systemd[1]: Mounting Huge Pages File System...
         Mounting Huge Pages File System...
[   13.057270] systemd[1]: Listening on /dev/initctl Compatibility Named Pipe.
[[0;32m  OK  [0m] Listening on /dev/initctl Compatibility Named Pipe.
[   13.062089] systemd[1]: Listening on Device-mapper event daemon FIFOs.
[[0;32m  OK  [0m] Listening on Device-mapper event daemon FIFOs.
[   13.075436] systemd[1]: Starting Remount Root and Kernel File Systems...
         Starting Remount Root and Kernel File Systems...
[   13.079813] systemd[1]: Started Trigger resolvconf update for networkd DNS.
[[0;32m  OK  [0m] Started Trigger resolvconf update for networkd DNS.
[   13.086351] EXT4-fs (sda1): re-mounted. Opts: (null)
[   13.091439] systemd[1]: Mounting POSIX Message Queue File System...
         Mounting POSIX Message Queue File System...
[   13.102609] systemd[1]: Listening on Syslog Socket.
[[0;32m  OK  [0m] Listening on Syslog Socket.
[   13.111521] systemd[1]: Starting Journal Service...
         Starting Journal Service...
[   13.115452] systemd[1]: Reached target Swap.
[[0;32m  OK  [0m] Reached target Swap.
[   13.123186] systemd[1]: Mounting Debug File System...
         Mounting Debug File System...
[   13.126918] systemd[1]: Starting Monitoring of LVM2 mirrors, snapshots etc. using dmeventd or progress polling...
         Starting Monitoring of LVM2 mirrors... dmeventd or progress polling...
[   13.139269] systemd[1]: Starting Nameserver information manager...
         Starting Nameserver information manager...
[   13.150881] systemd[1]: Set up automount Arbitrary Executable File Formats File System Automount Point.
[[0;32m  OK  [0m] Set up automount Arbitrary Executab...ats File System Automount Point.
[   13.174616] systemd[1]: Created slice User and Session Slice.
[[0;32m  OK  [0m] Created slice User and Session Slice.
[   13.182523] systemd[1]: Reached target Slices.
[[0;32m  OK  [0m] Reached target Slices.
[   13.190440] systemd[1]: Listening on LVM2 poll daemon socket.
[[0;32m  OK  [0m] Listening on LVM2 poll daemon socket.
[   13.193436] systemd[1]: Reached target System Time Synchronized.
[[0;32m  OK  [0m] Reached target System Time Synchronized.
[   13.197739] systemd[1]: Reached target User and Group Name Lookups.
[[0;32m  OK  [0m] Reached target User and Group Name Lookups.
[   13.201877] systemd[1]: Created slice system-serial\x2dgetty.slice.
[[0;32m  OK  [0m] Created slice system-serial\x2dgetty.slice.
[   13.205169] systemd[1]: Listening on udev Kernel Socket.
[[0;32m  OK  [0m] Listening on udev Kernel Socket.
[   13.230339] systemd[1]: Starting Load Kernel Modules...
         Starting Load Kernel Modules...
[   13.240586] systemd[1]: Mounted Debug File System.
[[0;32m  OK  [0m] Mounted Debug File System.
[   13.250454] systemd[1]: Mounted POSIX Message Queue File System.
[[0;32m  OK  [0m] Mounted POSIX Message Queue File System.
[   13.258378] systemd[1]: Mounted Huge Pages File System.
[[0;32m  OK  [0m] Mounted Huge Pages File System.
[   13.262599] systemd[1]: Started Journal Service.
[   13.264545] Loading iSCSI transport class v2.0-870.
[[0;32m  OK  [0m] Started Journal Service.
[[0;32m  OK  [0m] Started Uncomplicated firewall.
[   13.279042] iscsi: registered transport (tcp)
[[0;32m  OK  [0m] Started Set console keymap.
[[0;32m  OK  [0m] Started Create list of required sta...ce nodes for the current kernel.
[[0;32m  OK  [0m] Started Remount Root and Kernel File Systems.
[[0;32m  OK  [0m] Started LVM2 metadata daemon.
         Starting Load/Save Random Seed...
[   13.327613] iscsi: registered transport (iser)
         Starting udev Coldplug all Devices...
         Starting Create Static Device Nodes in /dev...
         Starting Flush Journal to Persistent Storage...
[[0;32m  OK  [0m] Started Load Kernel Modules.
[[0;32m  OK  [0m] Started Nameserver information manager.
[[0;32m  OK  [0m] Started Load/Save Random Seed.
         Mounting FUSE Control File System...
         Starting Apply Kernel Variables...
[[0;32m  OK  [0m] Mounted FUSE Control File System.
[   13.379622] systemd-journald[389]: Received request to flush runtime journal from PID 1
[   13.382861] random: nonblocking pool is initialized
[[0;32m  OK  [0m] Started Flush Journal to Persistent Storage.
[[0;32m  OK  [0m] Started Apply Kernel Variables.
[[0;32m  OK  [0m] Started udev Coldplug all Devices.
[[0;32m  OK  [0m] Started Create Static Device Nodes in /dev.
         Starting udev Kernel Device Manager...
[[0;32m  OK  [0m] Started udev Kernel Device Manager.
[[0;32m  OK  [0m] Started Dispatch Password Requests to Console Directory Watch.
[[0;32m  OK  [0m] Found device /dev/ttyS0.
[[0;32m  OK  [0m] Listening on Load/Save RF Kill Switch Status /dev/rfkill Watch.
[[0;32m  OK  [0m] Started Monitoring of LVM2 mirrors,...ng dmeventd or progress polling.
[[0;32m  OK  [0m] Reached target Local File Systems (Pre).
[[0;32m  OK  [0m] Reached target Local File Systems.
         Starting Create Volatile Files and Directories...
         Starting Tell Plymouth To Write Out Runtime Data...
         Starting Set console font and keymap...
         Starting LSB: AppArmor initialization...
         Starting Initial cloud-init job (pre-networking)...
         Starting Commit a transient machine-id on disk...
[[0;32m  OK  [0m] Started Create Volatile Files and Directories.
[[0;32m  OK  [0m] Started Tell Plymouth To Write Out Runtime Data.
         Starting Update UTMP about System Boot/Shutdown...
[[0;32m  OK  [0m] Started Commit a transient machine-id on disk.
[[0;32m  OK  [0m] Started Update UTMP about System Boot/Shutdown.
[[0;32m  OK  [0m] Started LSB: AppArmor initialization.
         Starting Load AppArmor profiles managed internally by snapd...
[[0;32m  OK  [0m] Started Set console font and keymap.
[[0;32m  OK  [0m] Created slice system-getty.slice.
[[0;32m  OK  [0m] Started Load AppArmor profiles managed internally by snapd.
[   16.011562] cloud-init[642]: Cloud-init v. 20.2-45-g5f7825e2-0ubuntu1~16.04.1 running 'init-local' at Sat, 22 Aug 2020 03:57:24 +0000. Up 15.66 seconds.
[[0;32m  OK  [0m] Started Initial cloud-init job (pre-networking).
[[0;32m  OK  [0m] Reached target Network (Pre).
         Starting Raise network interfaces...
[[0;32m  OK  [0m] Started Raise network interfaces.
         Starting Initial cloud-init job (metadata service crawler)...
[[0;32m  OK  [0m] Reached target Network.
[   17.345444] cloud-init[967]: Cloud-init v. 20.2-45-g5f7825e2-0ubuntu1~16.04.1 running 'init' at Sat, 22 Aug 2020 03:57:25 +0000. Up 16.54 seconds.
[   17.352604] cloud-init[967]: ci-info: ++++++++++++++++++++++++++++++++++++++Net device info+++++++++++++++++++++++++++++++++++++++
[   17.360654] cloud-init[967]: ci-info: +--------+-------+----------------------------+---------------+--------+-------------------+
[   17.368938] cloud-init[967]: ci-info: | Device |   Up  |          Address           |      Mask     | Scope  |     Hw-Address    |
[   17.376623] cloud-init[967]: ci-info: +--------+-------+----------------------------+---------------+--------+-------------------+
[   17.378474] cloud-init[967]: ci-info: | enp0s3 |  True |         10.0.2.15          | 255.255.255.0 | global | 02:d4:60:56:24:74 |
[   17.384559] cloud-init[967]: ci-info: | enp0s3 |  True | fe80::d4:60ff:fe56:2474/64 |       .       |  link  | 02:d4:60:56:24:74 |
[   17.392722] cloud-init[967]: ci-info: | enp0s8 | False |             .              |       .       |   .    | 08:00:27:83:c5:eb |
[   17.400933] cloud-init[967]: ci-info: |   lo   |  True |         127.0.0.1          |   255.0.0.0   |  host  |         .         |
[   17.408902] [[0;32m  OK  [0m] Started Initial cloud-init job (metadata service crawler).
cloud-init[967]: ci-info: |   lo   |  True |          ::1/128           |       .       |  host  |         .         |
[   17.416428] cloud-init[967]: [ci-info: +--------+-------+----------------------------+---------------+--------+-------------------+[0;32m  OK  [0m
] Reached target System Initialization.
[   17.418296] cloud-init[967]: ci-info: +++++++++++++++++++++++++++Route IPv4 info++++++++++++++++++++++++++++
[   17.420388] cloud-init[967]: ci-info: +-------+-------------+----------+---------------+-----------+-------+
[[0;32m  OK  [0m] Started ACPI Events Check.
[[0;32m  OK  [0m] Reached target Paths.
[   17.422127] cloud-init[967]: ci-info: | Route | Destination | Gateway  |    Genmask    | Interface | Flags |
[   17.424632] [[0;32m  OK  [0m] Listening on D-Bus System Message Bus Socket.
         cloud-initStarting Socket activation for snappy daemon.[967]: 
ci-info: +-------+-------------+----------+---------------+-----------+-------+
[   17.427751] cloud-init[967]: ci-info: |   0   |   0.0.0.0   | 10.0.2.2 |    0.0.0.0    |   enp0s3  |   UG  |
         Starting LXD - unix socket.
[   17.428787] [[0;32m  OK  [0m] Listening on ACPID Listen Socket.
cloud-init[967]: ci-info: |   1   |   10.0.2.0  | 0.0.0.0  | 255.255.255.0 |   enp0s3  |   U   |
[[0;32m  OK  [0m] Started Daily apt download activities.
[[0;32m  OK  [0m] Started Daily apt upgrade and clean activities.
[   17.448508] [[0;32m  OK  [0m] Listening on UUID daemon activation socket.
cloud-init[967]: ci-info: +-------+-------------+----------+---------------+-----------+-------+
[[0;32m  OK  [0m] Started Message of the Day.
[[0;32m  OK  [0m] Started Daily Cleanup of Temporary Directories.
[   17.456466] [[0;32m  OK  [0m] Reached target Timers.
[[0;32m  OK  [0m] Reached target Cloud-config availability.
[[0;32m  OK  [0m] Reached target Network is Online.
cloud-init[967]: ci-info: +++++++++++++++++++Route IPv6 info+++++++++++++++++++
[   17.460141] cloud-init[967]: ci-info: +-------+-------------+---------+-----------+-------+
[   17.462229] cloud-init[967]: ci-info: | Route | Destination | Gateway | Interface | Flags |
[   17.463592] cloud-init[967]: ci-info: +-------+-------------+---------+-----------+-------+
[   17.472888]          Starting iSCSI initiator daemon (iscsid)...
cloud-init[967]: ci-info: |   0   |  fe80::/64  |    ::   |   enp0s3  |   U   |
[   17.480614] cloud-init[967]: ci-info: |   3   |   ff00::/8  |    ::   |   enp0s3  |   U   |
[   17.480894] cloud-init[967]: ci-info: +-------+-------------+---------+-----------+-------+
[[0;32m  OK  [0m] Listening on Socket activation for snappy daemon.
[[0;32m  OK  [0m] Listening on LXD - unix socket.
[   17.481388] cloud-init[967]: Generating public/private rsa key pair.
[   17.484971] cloud-init[967]: Your identification has been saved in /etc/ssh/ssh_host_rsa_key.
[   17.485206] cloud-init[967]: Your public key has been saved in /etc/ssh/ssh_host_rsa_key.pub.
[   17.485779] cloud-init[967]: The key fingerprint is:
[   17.485920] cloud-init[967]: SHA256:LEkzvIgH/DXihm0qm4hBTtRLjgX317C6uyr3wtxd+Pk root@ubuntu-xenial
[[0;32m  OK  [0m] Reached target Sockets.
[[0;32m  OK  [0m] Reached target Basic System.
[[0;32m  OK  [0m] Started FUSE filesystem for LXC.
         Starting Virtualbox guest utils...
         Starting LSB: Record successful boot for GRUB...
[   17.486278] cloud-init[967]: The key's randomart image is:
[   17.536515]          Starting Login Service...
cloud-init[967]: +---[RSA 2048]----+
[   17.538626] [[0;32m  OK  [0m] Started Deferred execution scheduler.
cloud-init[967]: | . .   .         |
[   17.541361] cloud-init[967]: | .+ ..  +        |
[   17.548366] cloud-init[967]: | .o+..Bo .       |
[[0;32m  OK  [0m] Started Regular background program processing daemon.
[   17.552336] cloud-init[967]: |. =B.=oB         |
[   17.558464] cloud-init[967]: | +ooO.+ S        |
[   17.564528] cloud-init[967]: |+  =  .o .       |
[   17.565890] cloud-init[967]: |o.+ ... o .      |
[   17.567056] cloud-init[967]: |o* = ... o       |
[   17.572382] cloud-init[967]: |= o.++.   .E     |
         Starting LXD - container startup/shutdown...
[   17.580316] cloud-init[967]: +----[SHA256]-----+
[[0;32m  OK  [0m] Started D-Bus System Message Bus.
[   17.581994] cloud-init[967]: Generating public/private dsa key pair.
[   17.584368] cloud-init[967]: Your identification has been saved in /etc/ssh/ssh_host_dsa_key.
[   17.588088] cloud-init[967]: Your public key has been saved in /etc/ssh/ssh_host_dsa_key.pub.
[   17.590233] cloud-init[967]: The key fingerprint is:
[   17.596323] cloud-init[967]: SHA256:+v6apCSX0z3m28A14Q3BDcmrwzBlAb6hFdWeB0fb4+o root@ubuntu-xenial
[   17.598046] cloud-init[967]: The key's randomart image is:
[   17.604406] cloud-init[967]: +---[DSA 1024]----+
[   17.612327] cloud-init[967]: |        ooo=o=.  |
[   17.613619] cloud-init[967]: |       . .o *.oo |
[   17.614523] cloud-init[967]: |        +o .o=...|
[   17.620604] cloud-init[967]: |       ooo .++o .|
[   17.628846] cloud-init[967]: |      . S+ .+... |
[   17.636289] cloud-init[967]: |       + o+. ..  |
[   17.644618] cloud-init[967]: |    . * o *. .   |
[   17.652433] cloud-init[967]: |     + = + +.    |
[   17.661504] cloud-init[967]: |      ..=o+..E   |
[   17.662951] cloud-init[967]: +----[SHA256]-----+
[   17.672305] cloud-init[967]: Generating public/private ecdsa key pair.
[   17.673587] cloud-init[967]: Your identification has been saved in /etc/ssh/ssh_host_ecdsa_key.
[   17.680498] cloud-init[967]: Your public key has been saved in /etc/ssh/ssh_host_ecdsa_key.pub.
[   17.688344] cloud-init[967]: The key fingerprint is:
[   17.696420] cloud-init[967]: SHA256:RFzMrH4U+Nx+nVhETsx7X+8TyRSm7MxtKH43/hciZvs root@ubuntu-xenial
[   17.697845] cloud-init[967]: The key's randomart image is:
[   17.704451] cloud-init[967]: +---[ECDSA 256]---+
[   17.712352] cloud-init[967]: |       ..*.   +o |
[   17.720329] cloud-init[967]: |       .o =   o* |
[   17.729364]          cloud-init[967]: |        .+ o. +.o|
Starting System Logging Service...
[   17.730453] cloud-init[967]: |       .. + .o +o|
         Starting /etc/rc.local Compatibility...
[   17.736886] cloud-init[967]: |       .S. .+ B.B|
[   17.738559] cloud-init[967]: |        . .=.B.O+|
[   17.740292] cloud-init[967]: |         .+ +.o.o|
[   17.741515] cloud-init[967]: |           o . +o|
[[0;32m  OK  [0m] Started ACPI event daemon.
         Starting LSB: MD monitoring daemon...
[   17.755159] cloud-init[967]: |            oEo.*|
[   17.760016] cloud-init[967]: +----[SHA256]-----+
         Starting Pollinate to seed the pseudo random number generator...
         Starting Accounts Service...
[   17.761643] cloud-init[967]: Generating public/private ed25519 key pair.
         Starting Snap Daemon...
[   17.782660] [[0;32m  OK  [0m] Started /etc/rc.local Compatibility.
cloud-init[967]: Your identification has been saved in /etc/ssh/ssh_host_ed25519_key.
[   17.797928] cloud-init[967]: Your public key has been saved in /etc/ssh/ssh_host_ed25519_key.pub.
[   17.801876] cloud-init[967]: The key fingerprint is:
[   17.812320] cloud-init[967]: SHA256:o7yxRprMsuaQPWTDGMKO24xyj9406LiKEv1WJ4oN49s root@ubuntu-xenial
[   17.816542] cloud-init[967]: The key's randomart image is:
[[0;32m  OK  [0m[   17.817095] cloud-init[967]: +--[ED25519 256]--+
] [   17.817766] cloud-init[967]: |                 |
Started Login Service.
[   17.818794] cloud-init[967]: |.                |
[[0;32m  OK  [0m] Started Unattended Upgrades Shutdown.
[   17.838082] cloud-init[967]: |o.               |
[   17.852750] cloud-init[967]: |++               |
[   17.853236] cloud-init[967]: |oo=     S        |
[   17.853470] cloud-init[967]: |.X+o .+...       |
[[0;32m  OK  [0m] Started System Logging Service.
[[   17.853875] cloud-init[967]: |*oBOo*+o         |
[   17.861902] cloud-init[967]: |+==BX..+         |
[0;32m  OK  [0m] Started iSCSI initiator daemon (iscsid).
[   17.862079] cloud-init[967]: |B=B=E.o          |
[   17.866528] cloud-init[967]: +----[SHA256]-----+
         Starting Login to default iSCSI targets...
[[0;32m  OK  [0m] Started LSB: Record successful boot for GRUB.
[[0;32m  OK  [0m] Started LSB: MD monitoring daemon.
[[0;32m  OK  [0m] Started Login to default iSCSI targets.
[[0;32m  OK  [0m] Reached target Remote File Systems (Pre).
[[0;32m  OK  [0m] Reached target Remote File Systems.
         Starting LSB: Set the CPU Frequency Scaling governor to "ondemand"...
         Starting LSB: daemon to balance interrupts for SMP systems...
         Starting LSB: automatic crash report generation...
         Starting Permit User Sessions...
[[0;32m  OK  [0m] Started LSB: Set the CPU Frequency Scaling governor to "ondemand".
[[0;32m  OK  [0m] Started Permit User Sessions.
         Starting Terminate Plymouth Boot Screen...
         Starting Hold until boot process finishes up...
[[0;32m  OK  [0m] Started Terminate Plymouth Boot Screen.
[[0;32m  OK  [0m] Started Virtualbox guest utils.
[[0;32m  OK  [0m] Started Hold until boot process finishes up.
[[0;32m  OK  [0m] Started LSB: daemon to balance interrupts for SMP systems.
         Starting Authenticate and Authorize Users to Run Privileged Tasks...
         Starting Set console scheme...
[[0;32m  OK  [0m] Started Serial Getty on ttyS0.
[[0;32m  OK  [0m] Started Getty on tty1.
[[0;32m  OK  [0m] Reached target Login Prompts.
[[0;32m  OK  [0m] Started LSB: automatic crash report generation.
[[0;32m  OK  [0m] Started Set console scheme.
[[0;32m  OK  [0m] Started Authenticate and Authorize Users to Run Privileged Tasks.
[[0;32m  OK  [0m] Started LXD - container startup/shutdown.
[[0;32m  OK  [0m] Started Accounts Service.
[[0;32m  OK  [0m] Started Snap Daemon.
         Starting Wait until snapd is fully seeded...
[[0;32m  OK  [0m] Started Wait until snapd is fully seeded.
         Starting Apply the settings specified in cloud-config...
[   19.471285] cloud-init[1295]: Generating locales (this might take a while)...
[[0;32m  OK  [0m] Started Pollinate to seed the pseudo random number generator.
         Starting OpenBSD Secure Shell server...
[[0;32m  OK  [0m] Started OpenBSD Secure Shell server.
[[0;32m  OK  [0m] Reached target Multi-User System.
[[0;32m  OK  [0m] Reached target Graphical Interface.
         Starting Update UTMP about System Runlevel Changes...
[[0;32m  OK  [0m] Started Update UTMP about System Runlevel Changes.
[   20.533541] cloud-init[1295]:   en_US.UTF-8... done
[   20.542899] cloud-init[1295]: Generation complete.
[[0;32m  OK  [0m] Created slice User Slice of vagrant.
         Starting User Manager for UID 1000...
[[0;32m  OK  [0m] Started Session 1 of user vagrant.
[[0;32m  OK  [0m] Started User Manager for UID 1000.
[   21.260871] cloud-init[1295]: Cloud-init v. 20.2-45-g5f7825e2-0ubuntu1~16.04.1 running 'modules:config' at Sat, 22 Aug 2020 03:57:27 +0000. Up 19.29 seconds.
[[0;32m  OK  [0m] Started Apply the settings specified in cloud-config.
         Starting Execute cloud user/final scripts...
ci-info: no authorized SSH keys fingerprints found for user ubuntu.
<14>Aug 22 03:57:30 ec2: 
<14>Aug 22 03:57:30 ec2: #############################################################
<14>Aug 22 03:57:30 ec2: -----BEGIN SSH HOST KEY FINGERPRINTS-----
<14>Aug 22 03:57:30 ec2: 1024 SHA256:+v6apCSX0z3m28A14Q3BDcmrwzBlAb6hFdWeB0fb4+o root@ubuntu-xenial (DSA)
<14>Aug 22 03:57:30 ec2: 256 SHA256:RFzMrH4U+Nx+nVhETsx7X+8TyRSm7MxtKH43/hciZvs root@ubuntu-xenial (ECDSA)
<14>Aug 22 03:57:30 ec2: 256 SHA256:o7yxRprMsuaQPWTDGMKO24xyj9406LiKEv1WJ4oN49s root@ubuntu-xenial (ED25519)
<14>Aug 22 03:57:30 ec2: 2048 SHA256:LEkzvIgH/DXihm0qm4hBTtRLjgX317C6uyr3wtxd+Pk root@ubuntu-xenial (RSA)
<14>Aug 22 03:57:30 ec2: -----END SSH HOST KEY FINGERPRINTS-----
<14>Aug 22 03:57:30 ec2: #############################################################
-----BEGIN SSH HOST KEY KEYS-----
ecdsa-sha2-nistp256 AAAAE2VjZHNhLXNoYTItbmlzdHAyNTYAAAAIbmlzdHAyNTYAAABBBEi1X6qaHd0KBpUxKyp4Ulnw6UKzIyGVRtWs7mf+7oKWIdNG/tKqWgBa/HaqqAAjPAFwLBW4IU6ObMzJ3B/1hHI= root@ubuntu-xenial
ssh-ed25519 AAAAC3NzaC1lZDI1NTE5AAAAIPQJbXivZWlciA0qcpjWBhPxmG24bt1iDHtDaUycOX3+ root@ubuntu-xenial
ssh-rsa AAAAB3NzaC1yc2EAAAADAQABAAABAQC+4Yohpzbd8iRdsmpTFU6+AjftNDCQfUqC8FfgX2U1TjbOQRgIJk98ni4lhww7RlmeMsO8FMq9o9EBwcnjzPkC6f01ziNYB13drh45FdfgbHNaucukltbvEYYzDMEr9FHbgP1tAT41MNipotB7ltBV71VqkypnjnmUcuQy+ua1vPDQ99q2/kwV+Ioo5loNyiuZqu/NINGM0VPAxY6uq5hDq4Pk/gBiHBtM5cqbxzwoRzaHP9Jco6BEN9wlLrxnxm4Pm3k2kIz95P+KeCmbEqCQbKzBbsmewMlU95q4nxEeFWfLPZw6cHSaeQJDIUXl1cYK6oj3QrGnCHEZkwMTxEgl root@ubuntu-xenial
-----END SSH HOST KEY KEYS-----
[   22.088722] cloud-init[1429]: Cloud-init v. 20.2-45-g5f7825e2-0ubuntu1~16.04.1 running 'modules:final' at Sat, 22 Aug 2020 03:57:30 +0000. Up 21.83 seconds.
[   22.091640] cloud-init[1429]: ci-info: no authorized SSH keys fingerprints found for user ubuntu.
[   22.093458] cloud-init[1429]: Cloud-init v. 20.2-45-g5f7825e2-0ubuntu1~16.04.1 finished at Sat, 22 Aug 2020 03:57:30 +0000. Datasource DataSourceNoCloud [seed=/dev/sdb][dsmode=net].  Up 22.08 seconds
[[0;32m  OK  [0m] Started Execute cloud user/final scripts.
[[0;32m  OK  [0m] Reached target Cloud-init target.

Ubuntu 16.04.6 LTS ubuntu-xenial ttyS0

ubuntu-xenial login: 