[    0.000000] Initializing cgroup subsys cpuset
[    0.000000] Initializing cgroup subsys cpu
[    0.000000] Initializing cgroup subsys cpuacct
[    0.000000] Linux version 4.4.0-186-generic (buildd@lcy01-amd64-002) (gcc version 5.4.0 20160609 (Ubuntu 5.4.0-6ubuntu1~16.04.12) ) #216-Ubuntu SMP Wed Jul 1 05:34:05 UTC 2020 (Ubuntu 4.4.0-186.216-generic 4.4.228)
[    0.000000] Command line: BOOT_IMAGE=/boot/vmlinuz-4.4.0-186-generic root=LABEL=cloudimg-rootfs ro console=tty1 console=ttyS0
[    0.000000] KERNEL supported cpus:
[    0.000000]   Intel GenuineIntel
[    0.000000]   AMD AuthenticAMD
[    0.000000]   Centaur CentaurHauls
[    0.000000] x86/fpu: xstate_offset[2]:  576, xstate_sizes[2]:  256
[    0.000000] x86/fpu: Supporting XSAVE feature 0x01: 'x87 floating point registers'
[    0.000000] x86/fpu: Supporting XSAVE feature 0x02: 'SSE registers'
[    0.000000] x86/fpu: Supporting XSAVE feature 0x04: 'AVX registers'
[    0.000000] x86/fpu: Enabled xstate features 0x7, context size is 832 bytes, using 'standard' format.
[    0.000000] e820: BIOS-provided physical RAM map:
[    0.000000] BIOS-e820: [mem 0x0000000000000000-0x000000000009fbff] usable
[    0.000000] BIOS-e820: [mem 0x000000000009fc00-0x000000000009ffff] reserved
[    0.000000] BIOS-e820: [mem 0x00000000000f0000-0x00000000000fffff] reserved
[    0.000000] BIOS-e820: [mem 0x0000000000100000-0x000000003ffeffff] usable
[    0.000000] BIOS-e820: [mem 0x000000003fff0000-0x000000003fffffff] ACPI data
[    0.000000] BIOS-e820: [mem 0x00000000fec00000-0x00000000fec00fff] reserved
[    0.000000] BIOS-e820: [mem 0x00000000fee00000-0x00000000fee00fff] reserved
[    0.000000] BIOS-e820: [mem 0x00000000fffc0000-0x00000000ffffffff] reserved
[    0.000000] NX (Execute Disable) protection: active
[    0.000000] SMBIOS 2.5 present.
[    0.000000] Hypervisor detected: KVM
[    0.000000] e820: last_pfn = 0x3fff0 max_arch_pfn = 0x400000000
[    0.000000] MTRR: Disabled
[    0.000000] x86/PAT: MTRRs disabled, skipping PAT initialization too.
[    0.000000] CPU MTRRs all blank - virtualized system.
[    0.000000] x86/PAT: Configuration [0-7]: WB  WT  UC- UC  WB  WT  UC- UC  
[    0.000000] found SMP MP-table at [mem 0x0009fff0-0x0009ffff] mapped at [ffff88000009fff0]
[    0.000000] Scanning 1 areas for low memory corruption
[    0.000000] RAMDISK: [mem 0x362e2000-0x37168fff]
[    0.000000] ACPI: Early table checksum verification disabled
[    0.000000] ACPI: RSDP 0x00000000000E0000 000024 (v02 VBOX  )
[    0.000000] ACPI: XSDT 0x000000003FFF0030 00003C (v01 VBOX   VBOXXSDT 00000001 ASL  00000061)
[    0.000000] ACPI: FACP 0x000000003FFF00F0 0000F4 (v04 VBOX   VBOXFACP 00000001 ASL  00000061)
[    0.000000] ACPI: DSDT 0x000000003FFF0470 002325 (v02 VBOX   VBOXBIOS 00000002 INTL 20100528)
[    0.000000] ACPI: FACS 0x000000003FFF0200 000040
[    0.000000] ACPI: FACS 0x000000003FFF0200 000040
[    0.000000] ACPI: APIC 0x000000003FFF0240 00005C (v02 VBOX   VBOXAPIC 00000001 ASL  00000061)
[    0.000000] ACPI: SSDT 0x000000003FFF02A0 0001CC (v01 VBOX   VBOXCPUT 00000002 INTL 20100528)
[    0.000000] No NUMA configuration found
[    0.000000] Faking a node at [mem 0x0000000000000000-0x000000003ffeffff]
[    0.000000] NODE_DATA(0) allocated [mem 0x3ffeb000-0x3ffeffff]
[    0.000000] kvm-clock: Using msrs 4b564d01 and 4b564d00
[    0.000000] kvm-clock: cpu 0, msr 0:3ffe3001, primary cpu clock
[    0.000000] kvm-clock: using sched offset of 5182267867 cycles
[    0.000000] clocksource: kvm-clock: mask: 0xffffffffffffffff max_cycles: 0x1cd42e4dffb, max_idle_ns: 881590591483 ns
[    0.000000] Zone ranges:
[    0.000000]   DMA      [mem 0x0000000000001000-0x0000000000ffffff]
[    0.000000]   DMA32    [mem 0x0000000001000000-0x000000003ffeffff]
[    0.000000]   Normal   empty
[    0.000000]   Device   empty
[    0.000000] Movable zone start for each node
[    0.000000] Early memory node ranges
[    0.000000]   node   0: [mem 0x0000000000001000-0x000000000009efff]
[    0.000000]   node   0: [mem 0x0000000000100000-0x000000003ffeffff]
[    0.000000] Initmem setup node 0 [mem 0x0000000000001000-0x000000003ffeffff]
[    0.000000] ACPI: PM-Timer IO Port: 0x4008
[    0.000000] IOAPIC[0]: apic_id 2, version 32, address 0xfec00000, GSI 0-23
[    0.000000] ACPI: INT_SRC_OVR (bus 0 bus_irq 0 global_irq 2 dfl dfl)
[    0.000000] ACPI: INT_SRC_OVR (bus 0 bus_irq 9 global_irq 9 low level)
[    0.000000] Using ACPI (MADT) for SMP configuration information
[    0.000000] smpboot: Allowing 2 CPUs, 0 hotplug CPUs
[    0.000000] PM: Registered nosave memory: [mem 0x00000000-0x00000fff]
[    0.000000] PM: Registered nosave memory: [mem 0x0009f000-0x0009ffff]
[    0.000000] PM: Registered nosave memory: [mem 0x000a0000-0x000effff]
[    0.000000] PM: Registered nosave memory: [mem 0x000f0000-0x000fffff]
[    0.000000] e820: [mem 0x40000000-0xfebfffff] available for PCI devices
[    0.000000] Booting paravirtualized kernel on KVM
[    0.000000] clocksource: refined-jiffies: mask: 0xffffffff max_cycles: 0xffffffff, max_idle_ns: 7645519600211568 ns
[    0.000000] setup_percpu: NR_CPUS:512 nr_cpumask_bits:512 nr_cpu_ids:2 nr_node_ids:1
[    0.000000] PERCPU: Embedded 33 pages/cpu @ffff88003fc00000 s95512 r8192 d31464 u1048576
[    0.000000] Built 1 zonelists in Node order, mobility grouping on.  Total pages: 257912
[    0.000000] Policy zone: DMA32
[    0.000000] Kernel command line: BOOT_IMAGE=/boot/vmlinuz-4.4.0-186-generic root=LABEL=cloudimg-rootfs ro console=tty1 console=ttyS0
[    0.000000] PID hash table entries: 4096 (order: 3, 32768 bytes)
[    0.000000] Memory: 997668K/1048120K available (8636K kernel code, 1337K rwdata, 4040K rodata, 1492K init, 1296K bss, 50452K reserved, 0K cma-reserved)
[    0.000000] SLUB: HWalign=64, Order=0-3, MinObjects=0, CPUs=2, Nodes=1
[    0.000000] Kernel/User page tables isolation: enabled
[    0.000000] Hierarchical RCU implementation.
[    0.000000] 	Build-time adjustment of leaf fanout to 64.
[    0.000000] 	RCU restricting CPUs from NR_CPUS=512 to nr_cpu_ids=2.
[    0.000000] RCU: Adjusting geometry for rcu_fanout_leaf=64, nr_cpu_ids=2
[    0.000000] NR_IRQS:33024 nr_irqs:440 16
[    0.000000] Console: colour VGA+ 80x25
[    0.000000] console [tty1] enabled
[    0.000000] console [ttyS0] enabled
[    0.000000] tsc: Detected 3407.998 MHz processor
[    0.218583] Calibrating delay loop (skipped) preset value.. 6815.99 BogoMIPS (lpj=13631992)
[    0.221563] pid_max: default: 32768 minimum: 301
[    0.223160] ACPI: Core revision 20150930
[    0.225241] ACPI: 2 ACPI AML tables successfully acquired and loaded
[    0.227598] Security Framework initialized
[    0.229058] Yama: becoming mindful.
[    0.230344] AppArmor: AppArmor initialized
[    0.231872] Dentry cache hash table entries: 131072 (order: 8, 1048576 bytes)
[    0.235437] Inode-cache hash table entries: 65536 (order: 7, 524288 bytes)
[    0.237910] Mount-cache hash table entries: 2048 (order: 2, 16384 bytes)
[    0.240198] Mountpoint-cache hash table entries: 2048 (order: 2, 16384 bytes)
[    0.242705] Initializing cgroup subsys io
[    0.244135] Initializing cgroup subsys memory
[    0.245687] Initializing cgroup subsys devices
[    0.247239] Initializing cgroup subsys freezer
[    0.248860] Initializing cgroup subsys net_cls
[    0.250408] Initializing cgroup subsys perf_event
[    0.252031] Initializing cgroup subsys net_prio
[    0.253633] Initializing cgroup subsys hugetlb
[    0.255188] Initializing cgroup subsys pids
[    0.257693] mce: CPU supports 0 MCE banks
[    0.259129] Last level iTLB entries: 4KB 128, 2MB 8, 4MB 8
[    0.261073] Last level dTLB entries: 4KB 64, 2MB 0, 4MB 0, 1GB 4
[    0.263080] Spectre V1 : Mitigation: usercopy/swapgs barriers and __user pointer sanitization
[    0.266010] Spectre V2 : Mitigation: Full generic retpoline
[    0.267933] Spectre V2 : Spectre v2 / SpectreRSB mitigation: Filling RSB on context switch
[    0.270839] Speculative Store Bypass: Vulnerable
[    0.272466] SRBDS: Unknown: Dependent on hypervisor status
[    0.274427] MDS: Mitigation: Clear CPU buffers
[    0.278288] Freeing SMP alternatives memory: 36K
[    0.284924] ftrace: allocating 32334 entries in 127 pages
[    0.336047] smpboot: APIC(0) Converting physical 0 to logical package 0
[    0.338433] smpboot: Max logical packages: 1
[    0.340163] x2apic enabled
[    0.341408] Switched APIC routing to physical x2apic.
[    0.344044] ..TIMER: vector=0x30 apic1=0 pin1=2 apic2=-1 pin2=-1
[    0.454393] smpboot: CPU0: Intel(R) Core(TM) i5-7500 CPU @ 3.40GHz (family: 0x6, model: 0x9e, stepping: 0x9)
[    0.458986] Performance Events: unsupported p6 CPU model 158 no PMU driver, software events only.
[    0.472238] KVM setup paravirtual spinlock
[    0.474722] x86: Booting SMP configuration:
[    0.476380] .... node  #0, CPUs:      #1
[    0.478030] kvm-clock: cpu 1, msr 0:3ffe3041, secondary cpu clock
[    0.481313] mce: CPU supports 0 MCE banks
[    0.484698] x86: Booted up 1 node, 2 CPUs
[    0.486354] smpboot: Total of 2 processors activated (13631.99 BogoMIPS)
[    0.489111] devtmpfs: initialized
[    0.491736] evm: security.selinux
[    0.492980] evm: security.SMACK64
[    0.494217] evm: security.SMACK64EXEC
[    0.495569] evm: security.SMACK64TRANSMUTE
[    0.497347] evm: security.SMACK64MMAP
[    0.499176] evm: security.ima
[    0.500574] evm: security.capability
[    0.502648] clocksource: jiffies: mask: 0xffffffff max_cycles: 0xffffffff, max_idle_ns: 7645041785100000 ns
[    0.507264] futex hash table entries: 512 (order: 3, 32768 bytes)
[    0.509853] pinctrl core: initialized pinctrl subsystem
[    0.511820] RTC time:  4:48:53, date: 08/22/20
[    0.513624] NET: Registered protocol family 16
[    0.527281] cpuidle: using governor ladder
[    0.539635] cpuidle: using governor menu
[    0.541136] PCCT header not found.
[    0.542456] ACPI: bus type PCI registered
[    0.543921] acpiphp: ACPI Hot Plug PCI Controller Driver version: 0.5
[    0.546213] PCI: Using configuration type 1 for base access
[    0.560149] ACPI: Added _OSI(Module Device)
[    0.561774] ACPI: Added _OSI(Processor Device)
[    0.563400] ACPI: Added _OSI(3.0 _SCP Extensions)
[    0.565185] ACPI: Added _OSI(Processor Aggregator Device)
[    0.567751] ACPI: Executed 1 blocks of module-level executable AML code
[    0.571982] ACPI: Interpreter enabled
[    0.573402] ACPI: (supports S0 S5)
[    0.574674] ACPI: Using IOAPIC for interrupt routing
[    0.576531] PCI: Using host bridge windows from ACPI; if necessary, use "pci=nocrs" and report a bug
[    0.583436] ACPI: PCI Root Bridge [PCI0] (domain 0000 [bus 00-ff])
[    0.585533] acpi PNP0A03:00: _OSC: OS supports [ASPM ClockPM Segments MSI]
[    0.588099] acpi PNP0A03:00: _OSC: not requesting OS control; OS requires [ExtendedConfig ASPM ClockPM MSI]
[    0.591489] acpi PNP0A03:00: fail to add MMCONFIG information, can't access extended PCI configuration space under this bridge.
[    0.595736] PCI host bridge to bus 0000:00
[    0.597322] pci_bus 0000:00: root bus resource [io  0x0000-0x0cf7 window]
[    0.599645] pci_bus 0000:00: root bus resource [io  0x0d00-0xffff window]
[    0.602025] pci_bus 0000:00: root bus resource [mem 0x000a0000-0x000bffff window]
[    0.604697] pci_bus 0000:00: root bus resource [mem 0x40000000-0xfdffffff window]
[    0.607353] pci_bus 0000:00: root bus resource [bus 00-ff]
[    0.611689] pci 0000:00:01.1: legacy IDE quirk: reg 0x10: [io  0x01f0-0x01f7]
[    0.614173] pci 0000:00:01.1: legacy IDE quirk: reg 0x14: [io  0x03f6]
[    0.616405] pci 0000:00:01.1: legacy IDE quirk: reg 0x18: [io  0x0170-0x0177]
[    0.626156] pci 0000:00:01.1: legacy IDE quirk: reg 0x1c: [io  0x0376]
[    0.641226] pci 0000:00:07.0: quirk: [io  0x4000-0x403f] claimed by PIIX4 ACPI
[    0.643949] pci 0000:00:07.0: quirk: [io  0x4100-0x410f] claimed by PIIX4 SMB
[    0.654331] ACPI: PCI Interrupt Link [LNKA] (IRQs 5 9 10 *11)
[    0.657413] ACPI: PCI Interrupt Link [LNKB] (IRQs 5 9 *10 11)
[    0.660177] ACPI: PCI Interrupt Link [LNKC] (IRQs 5 *9 10 11)
[    0.663055] ACPI: PCI Interrupt Link [LNKD] (IRQs 5 9 10 *11)
[    0.665814] ACPI: Enabled 2 GPEs in block 00 to 07
[    0.668098] vgaarb: setting as boot device: PCI:0000:00:02.0
[    0.670155] vgaarb: device added: PCI:0000:00:02.0,decodes=io+mem,owns=io+mem,locks=none
[    0.672977] vgaarb: loaded
[    0.674033] vgaarb: bridge control possible 0000:00:02.0
[    0.676057] SCSI subsystem initialized
[    0.677644] ACPI: bus type USB registered
[    0.679143] usbcore: registered new interface driver usbfs
[    0.681039] usbcore: registered new interface driver hub
[    0.682892] usbcore: registered new device driver usb
[    0.684857] PCI: Using ACPI for IRQ routing
[    0.687750] NetLabel: Initializing
[    0.689109] NetLabel:  domain hash size = 128
[    0.690700] NetLabel:  protocols = UNLABELED CIPSOv4
[    0.692466] NetLabel:  unlabeled traffic allowed by default
[    0.694625] amd_nb: Cannot enumerate AMD northbridges
[    0.696603] clocksource: Switched to clocksource kvm-clock
[    0.704809] AppArmor: AppArmor Filesystem Enabled
[    0.706580] pnp: PnP ACPI init
[    0.708759] pnp: PnP ACPI: found 3 devices
[    0.719875] clocksource: acpi_pm: mask: 0xffffff max_cycles: 0xffffff, max_idle_ns: 2085701024 ns
[    0.723093] NET: Registered protocol family 2
[    0.724802] TCP established hash table entries: 8192 (order: 4, 65536 bytes)
[    0.727170] TCP bind hash table entries: 8192 (order: 5, 131072 bytes)
[    0.729475] TCP: Hash tables configured (established 8192 bind 8192)
[    0.731623] UDP hash table entries: 512 (order: 2, 16384 bytes)
[    0.733643] UDP-Lite hash table entries: 512 (order: 2, 16384 bytes)
[    0.735811] NET: Registered protocol family 1
[    0.737449] pci 0000:00:00.0: Limiting direct PCI/PCI transfers
[    0.739490] pci 0000:00:01.0: Activating ISA DMA hang workarounds
[    0.741729] Unpacking initramfs...
[    0.935023] Freeing initrd memory: 14876K
[    0.936871] clocksource: tsc: mask: 0xffffffffffffffff max_cycles: 0x311fd208cfc, max_idle_ns: 440795283699 ns
[    0.940348] platform rtc_cmos: registered platform RTC device (no PNP device found)
[    0.943267] Scanning for low memory corruption every 60 seconds
[    0.945648] audit: initializing netlink subsys (disabled)
[    0.947542] audit: type=2000 audit(1598071741.030:1): initialized
[    0.949914] Initialise system trusted keyring
[    0.951847] HugeTLB registered 2 MB page size, pre-allocated 0 pages
[    0.954997] zbud: loaded
[    0.956433] VFS: Disk quotas dquot_6.6.0
[    0.958011] VFS: Dquot-cache hash table entries: 512 (order 0, 4096 bytes)
[    0.960500] squashfs: version 4.0 (2009/01/31) Phillip Lougher
[    0.962862] fuse init (API version 7.23)
[    0.964397] Key type big_key registered
[    0.965900] Allocating IMA MOK and blacklist keyrings.
[    0.970310] Key type asymmetric registered
[    0.971767] Asymmetric key parser 'x509' registered
[    0.973524] Block layer SCSI generic (bsg) driver version 0.4 loaded (major 249)
[    0.976315] io scheduler noop registered
[    0.977823] io scheduler deadline registered (default)
[    0.979651] io scheduler cfq registered
[    0.981144] pci_hotplug: PCI Hot Plug PCI Core version: 0.5
[    0.983083] pciehp: PCI Express Hot Plug Controller Driver version: 0.4
[    0.985591] ACPI: AC Adapter [AC] (on-line)
[    0.987322] input: Power Button as /devices/LNXSYSTM:00/LNXPWRBN:00/input/input0
[    0.990039] ACPI: Power Button [PWRF]
[    0.991456] input: Sleep Button as /devices/LNXSYSTM:00/LNXSLPBN:00/input/input1
[    0.994084] ACPI: Sleep Button [SLPF]
[    0.995714] GHES: HEST is not enabled!
[    0.997232] Serial: 8250/16550 driver, 32 ports, IRQ sharing enabled
[    1.020015] 00:02: ttyS0 at I/O 0xf8 (irq = 4, base_baud = 115200) is  16550A
[    1.024410] Linux agpgart interface v0.103
[    1.028139] loop: module loaded
[    1.030129] scsi host0: ata_piix
[    1.031573] scsi host1: ata_piix
[    1.032848] ata1: PATA max UDMA/33 cmd 0x1f0 ctl 0x3f6 bmdma 0xd000 irq 14
[    1.035188] ata2: PATA max UDMA/33 cmd 0x170 ctl 0x376 bmdma 0xd008 irq 15
[    1.037689] libphy: Fixed MDIO Bus: probed
[    1.039224] tun: Universal TUN/TAP device driver, 1.6
[    1.041005] tun: (C) 1999-2004 Max Krasnyansky <maxk@qualcomm.com>
[    1.043135] PPP generic driver version 2.4.2
[    1.044711] ehci_hcd: USB 2.0 'Enhanced' Host Controller (EHCI) Driver
[    1.047032] ehci-pci: EHCI PCI platform driver
[    1.048638] ehci-platform: EHCI generic platform driver
[    1.050490] ohci_hcd: USB 1.1 'Open' Host Controller (OHCI) Driver
[    1.052597] ohci-pci: OHCI PCI platform driver
[    1.054211] ohci-platform: OHCI generic platform driver
[    1.056083] uhci_hcd: USB Universal Host Controller Interface driver
[    1.058370] i8042: PNP: PS/2 Controller [PNP0303:PS2K,PNP0f03:PS2M] at 0x60,0x64 irq 1,12
[    1.061764] serio: i8042 KBD port at 0x60,0x64 irq 1
[    1.063523] serio: i8042 AUX port at 0x60,0x64 irq 12
[    1.065405] mousedev: PS/2 mouse device common for all mice
[    1.067769] rtc_cmos rtc_cmos: rtc core: registered rtc_cmos as rtc0
[    1.070016] rtc_cmos rtc_cmos: alarms up to one day, 114 bytes nvram
[    1.072194] i2c /dev entries driver
[    1.073616] device-mapper: uevent: version 1.0.3
[    1.075271] input: AT Translated Set 2 keyboard as /devices/platform/i8042/serio0/input/input2
[    1.078491] device-mapper: ioctl: 4.34.0-ioctl (2015-10-28) initialised: dm-devel@redhat.com
[    1.081433] ledtrig-cpu: registered to indicate activity on CPUs
[    1.084222] NET: Registered protocol family 10
[    1.086126] NET: Registered protocol family 17
[    1.087741] Key type dns_resolver registered
[    1.089469] registered taskstats version 1
[    1.090959] Loading compiled-in X.509 certificates
[    1.093065] Loaded X.509 cert 'Build time autogenerated kernel key: cef5e81496c0efa51b848ab539e845ddf31c08be'
[    1.096486] zswap: loaded using pool lzo/zbud
[    1.100183] Key type trusted registered
[    1.105629] Key type encrypted registered
[    1.107203] AppArmor: AppArmor sha1 policy hashing enabled
[    1.109193] ima: No TPM chip found, activating TPM-bypass!
[    1.111081] ima: Allocated hash algorithm: sha1
[    1.112688] evm: HMAC attrs: 0x1
[    1.114492]   Magic number: 0:874:818
[    1.115959] rtc_cmos rtc_cmos: setting system clock to 2020-08-22 04:48:54 UTC (1598071734)
[    1.119030] BIOS EDD facility v0.16 2004-Jun-25, 0 devices found
[    1.121144] EDD information not available.
[    1.832544] Freeing unused kernel memory: 1492K
[    1.834257] Write protecting the kernel read-only data: 14336k
[    1.836806] Freeing unused kernel memory: 1592K
[    1.838619] Freeing unused kernel memory: 56K
Loading, please wait...
starting version 229
[    1.852950] random: systemd-udevd: uninitialized urandom read (16 bytes read, 3 bits of entropy available)
[    1.854246] random: udevadm: uninitialized urandom read (16 bytes read, 3 bits of entropy available)
[    1.854313] random: udevadm: uninitialized urandom read (16 bytes read, 3 bits of entropy available)
[    1.862824] random: systemd-udevd: uninitialized urandom read (16 bytes read, 3 bits of entropy available)
[    1.866175] random: systemd-udevd: uninitialized urandom read (16 bytes read, 3 bits of entropy available)
[    1.869204] random: udevadm: uninitialized urandom read (16 bytes read, 3 bits of entropy available)
[    1.869239] random: udevadm: uninitialized urandom read (16 bytes read, 3 bits of entropy available)
[    1.869349] random: udevadm: uninitialized urandom read (16 bytes read, 3 bits of entropy available)
[    1.869388] random: udevadm: uninitialized urandom read (16 bytes read, 3 bits of entropy available)
[    1.869428] random: udevadm: uninitialized urandom read (16 bytes read, 3 bits of entropy available)
[    1.914267] e1000: Intel(R) PRO/1000 Network Driver - version 7.3.21-k8-NAPI
[    1.916784] e1000: Copyright (c) 1999-2006 Intel Corporation.
[    1.918907] Fusion MPT base driver 3.04.20
[    1.920408] Copyright (c) 1999-2008 LSI Corporation
[    1.933602] Fusion MPT SPI Host driver 3.04.20
[    1.937024] AVX2 version of gcm_enc/dec engaged.
[    1.938727] AES CTR mode by8 optimization enabled
[    2.125770] input: ImExPS/2 Generic Explorer Mouse as /devices/platform/i8042/serio1/input/input4
[    2.302279] e1000 0000:00:03.0 eth0: (PCI:33MHz:32-bit) 02:d4:60:56:24:74
[    2.304595] e1000 0000:00:03.0 eth0: Intel(R) PRO/1000 Network Connection
[    2.677144] e1000 0000:00:08.0 eth1: (PCI:33MHz:32-bit) 08:00:27:2a:f0:3c
[    2.680070] e1000 0000:00:08.0 eth1: Intel(R) PRO/1000 Network Connection
[    2.684048] e1000 0000:00:03.0 enp0s3: renamed from eth0
[    2.686536] mptbase: ioc0: Initiating bringup
[    2.696946] e1000 0000:00:08.0 enp0s8: renamed from eth1
[    3.082158] ioc0: LSI53C1030 A0: Capabilities={Initiator}
[    4.978026] scsi host2: ioc0: LSI53C1030 A0, FwRev=00000000h, Ports=1, MaxQ=256, IRQ=20
[    7.769697] scsi 2:0:0:0: Direct-Access     VBOX     HARDDISK         1.0  PQ: 0 ANSI: 5
[    7.772628] scsi target2:0:0: Beginning Domain Validation
[    7.777280] scsi target2:0:0: Domain Validation skipping write tests
[    7.779400] scsi target2:0:0: Ending Domain Validation
[    7.781385] scsi target2:0:0: asynchronous
[    7.783884] scsi 2:0:1:0: Direct-Access     VBOX     HARDDISK         1.0  PQ: 0 ANSI: 5
[    7.786734] scsi target2:0:1: Beginning Domain Validation
[    7.798034] scsi target2:0:1: Domain Validation skipping write tests
[    7.800155] scsi target2:0:1: Ending Domain Validation
[    7.802023] scsi target2:0:1: asynchronous
[    7.812222] sd 2:0:0:0: Attached scsi generic sg0 type 0
[    7.814241] sd 2:0:0:0: [sda] 20971520 512-byte logical blocks: (10.7 GB/10.0 GiB)
[    7.817480] sd 2:0:1:0: [sdb] 20480 512-byte logical blocks: (10.5 MB/10.0 MiB)
[    7.820263] sd 2:0:1:0: Attached scsi generic sg1 type 0
[    7.822272] sd 2:0:0:0: [sda] Write Protect is off
[    7.822701] sd 2:0:1:0: [sdb] Write Protect is off
[    7.823059] sd 2:0:1:0: [sdb] Incomplete mode parameter data
[    7.823060] sd 2:0:1:0: [sdb] Assuming drive cache: write through
[    7.831802] sd 2:0:0:0: [sda] Incomplete mode parameter data
[    7.834407] sd 2:0:0:0: [sda] Assuming drive cache: write through
[    7.835126] sd 2:0:1:0: [sdb] Attached SCSI disk
[    7.841311]  sda: sda1
[    7.843170] sd 2:0:0:0: [sda] Attached SCSI disk
Begin: Loading essential drivers ... [    9.143103] md: linear personality registered for level -1
[    9.147473] md: multipath personality registered for level -4
[    9.151731] md: raid0 personality registered for level 0
[    9.156829] md: raid1 personality registered for level 1
[    9.228886] raid6: sse2x1   gen() 13088 MB/s
[    9.297117] raid6: sse2x1   xor()  8604 MB/s
[    9.364838] raid6: sse2x2   gen() 15527 MB/s
[    9.432921] raid6: sse2x2   xor() 11262 MB/s
[    9.500609] raid6: sse2x4   gen() 18666 MB/s
[    9.568907] raid6: sse2x4   xor() 11226 MB/s
[    9.636925] raid6: avx2x1   gen() 23028 MB/s
[    9.704643] raid6: avx2x2   gen() 29823 MB/s
[    9.772918] raid6: avx2x4   gen() 33272 MB/s
[    9.774485] raid6: using algorithm avx2x4 gen() 33272 MB/s
[    9.776382] raid6: using avx2x2 recovery algorithm
[    9.779339] xor: automatically using best checksumming function:
[    9.848337]    avx       : 69614.000 MB/sec
[    9.850928] async_tx: api initialized (async)
[    9.861084] md: raid6 personality registered for level 6
[    9.862988] md: raid5 personality registered for level 5
[    9.864827] md: raid4 personality registered for level 4
[    9.872736] md: raid10 personality registered for level 10
done.
Begin: Running /scripts/init-premount ... done.
Begin: Mounting root file system ... Begin: Running /scripts/local-top ... done.
Begin: Running /scripts/local-premount ... [    9.899279] Btrfs loaded
Scanning for Btrfs filesystems
done.
Warning: fsck not present, so skipping root file system
[    9.977753] EXT4-fs (sda1): mounted filesystem with ordered data mode. Opts: (null)
done.
Begin: Running /scripts/local-bottom ... done.
Begin: Running /scripts/init-bottom ... done.
[   10.409692] systemd[1]: systemd 229 running in system mode. (+PAM +AUDIT +SELINUX +IMA +APPARMOR +SMACK +SYSVINIT +UTMP +LIBCRYPTSETUP +GCRYPT +GNUTLS +ACL +XZ -LZ4 +SECCOMP +BLKID +ELFUTILS +KMOD -IDN)
[   10.416799] systemd[1]: Detected virtualization oracle.
[   10.418857] systemd[1]: Detected architecture x86-64.

Welcome to [1mUbuntu 16.04.6 LTS[0m!

[   10.442423] systemd[1]: Set hostname to <ubuntu>.
[   10.464805] systemd[1]: Initializing machine ID from random generator.
[   10.467065] systemd[1]: Installed transient /etc/machine-id file.
[   10.929916] systemd[1]: Started Trigger resolvconf update for networkd DNS.
[[0;32m  OK  [0m] Started Trigger resolvconf update for networkd DNS.
[   10.940995] systemd[1]: Listening on udev Control Socket.
[[0;32m  OK  [0m] Listening on udev Control Socket.
[   11.047512] systemd[1]: Reached target Swap.
[[0;32m  OK  [0m] Reached target Swap.
[   11.064214] systemd[1]: Created slice System Slice.
[[0;32m  OK  [0m] Created slice System Slice.
[   11.662318] systemd[1]: Reached target User and Group Name Lookups.
[[0;32m  OK  [0m] Reached target User and Group Name Lookups.
[   11.728990] systemd[1]: Set up automount Arbitrary Executable File Formats File System Automount Point.
[[0;32m  OK  [0m] Set up automount Arbitrary Executab...ats File System Automount Point.
[   11.798499] systemd[1]: Listening on Syslog Socket.
[[0;32m  OK  [0m] Listening on Syslog Socket.
[   11.823132] systemd[1]: Listening on Device-mapper event daemon FIFOs.
[[0;32m  OK  [0m] Listening on Device-mapper event daemon FIFOs.
[   11.916526] systemd[1]: Reached target System Time Synchronized.
[[0;32m  OK  [0m] Reached target System Time Synchronized.
[   11.940050] systemd[1]: Created slice User and Session Slice.
[[0;32m  OK  [0m] Created slice User and Session Slice.
[   12.489851] systemd[1]: Listening on /dev/initctl Compatibility Named Pipe.
[[0;32m  OK  [0m] Listening on /dev/initctl Compatibility Named Pipe.
[   12.728136] systemd[1]: Reached target Slices.
[[0;32m  OK  [0m] Reached target Slices.
[   12.809241] systemd[1]: Listening on Journal Socket.
[[0;32m  OK  [0m] Listening on Journal Socket.
[   12.828877] systemd[1]: Mounting Huge Pages File System...
         Mounting Huge Pages File System...
[   12.837722] systemd[1]: Starting Create list of required static device nodes for the current kernel...
         Starting Create list of required st... nodes for the current kernel...
[   12.849840] systemd[1]: Starting Remount Root and Kernel File Systems...
         Starting Remount Root and Kernel File Systems...
[   12.856918] EXT4-fs (sda1): re-mounted. Opts: (null)
[   12.861723] systemd[1]: Starting Set console keymap...
         Starting Set console keymap...
[   12.897307] systemd[1]: Starting Load Kernel Modules...
         Starting Load Kernel Modules...
[   12.905117] systemd[1]: Created slice system-serial\x2dgetty.slice.
[[0;32m  OK  [0m] Created slice system-serial\x2dgetty.slice.
[   12.909012] systemd[1]: Reached target Encrypted Volumes.
[[0;32m  OK  [0m] Reached target Encrypted Volumes.
[   12.917275] systemd[1]: Listening on udev Kernel Socket.
[[0;32m  OK  [0m] Listening on udev Kernel Socket.
[   12.929753] systemd[1]: Listening on Journal Socket (/dev/log).
[   12.932039] Loading iSCSI transport class v2.0-870.
[[0;32m  OK  [0m] Listening on Journal Socket (/dev/log).
[   12.941013] systemd[1]: Listening on LVM2 metadata daemon socket.
[[0;32m  OK  [0m] Listening on LVM2 metadata daemon socket.
[   12.947968] iscsi: registered transport (tcp)
[   12.964950] systemd[1]: Starting Monitoring of LVM2 mirrors, snapshots etc. using dmeventd or progress polling...
         Starting Monitoring of LVM2 mirrors... dmeventd or progress polling...
[   12.977724] systemd[1]: Starting Uncomplicated firewall...
         Starting Uncomplicated firewall...
[   12.989619] systemd[1]: Starting Nameserver information manager...
         Starting Nameserver information manager...
[   13.002017] systemd[1]: Listening on Journal Audit Socket.
[[0;32m  OK  [0m] Listening on Journal Audit Socket.
[   13.009144] iscsi: registered transport (iser)
[   13.028801] systemd[1]: Starting Journal Service...
         Starting Journal Service...
[   13.032506] systemd[1]: Mounting Debug File System...
         Mounting Debug File System...
[   13.035391] systemd[1]: Started Forward Password Requests to Wall Directory Watch.
[[0;32m  OK  [0m] Started Forward Password Requests to Wall Directory Watch.
[   13.045120] systemd[1]: Listening on LVM2 poll daemon socket.
[[0;32m  OK  [0m] Listening on LVM2 poll daemon socket.
[   13.072880] systemd[1]: Mounting POSIX Message Queue File System...
         Mounting POSIX Message Queue File System...
[   13.082362] systemd[1]: Mounted Debug File System.
[[0;32m  OK  [0m] Mounted Debug File System.
[   13.084964] systemd[1]: Mounted POSIX Message Queue File System.
[[0;32m  OK  [0m] Mounted POSIX Message Queue File System.
[   13.087999] systemd[1]: Mounted Huge Pages File System.
[[0;32m  OK  [0m] Mounted Huge Pages File System.
[   13.091570] systemd[1]: Started Journal Service.
[[0;32m  OK  [0m] Started Journal Service.
[[0;32m  OK  [0m] Started Create list of required sta...ce nodes for the current kernel.
[[0;32m  OK  [0m] Started Remount Root and Kernel File Systems.
[[0;32m  OK  [0m] Started Set console keymap.
[[0;32m  OK  [0m] Started Load Kernel Modules.
[[0;32m  OK  [0m] Started Uncomplicated firewall.
[[0;32m  OK  [0m] Started LVM2 metadata daemon.
         Starting Apply Kernel Variables...
         Mounting FUSE Control File System...
         Starting Load/Save Random Seed...
         Starting udev Coldplug all Devices...
         Starting Create Static Device Nodes in /dev...
         Starting Flush Journal to Persistent Storage...
[[0;32m  OK  [0m] Mounted FUSE Control File System.
[[0;32m  OK  [0m] Started Nameserver information manager.
[[0;32m  OK  [0m] Started Load/Save Random Seed.
[[0;32m  OK  [0m] Started Apply Kernel Variables.
[[0;32m  OK  [0m] Started Flush Journal to Persistent Storage.
[[0;32m  OK  [0m] Started udev Coldplug all Devices.
[[0;32m  OK  [0m] Started Create Static Device Nodes in /dev.
         Starting udev Kernel Device Manager...
[[0;32m  OK  [0m] Started udev Kernel Device Manager.
[[0;32m  OK  [0m] Started Dispatch Password Requests to Console Directory Watch.
[[0;32m  OK  [0m] Started Monitoring of LVM2 mirrors,...ng dmeventd or progress polling.
[[0;32m  OK  [0m] Reached target Local File Systems (Pre).
[[0;32m  OK  [0m] Reached target Local File Systems.
         Starting Initial cloud-init job (pre-networking)...
         Starting Commit a transient machine-id on disk...
         Starting Tell Plymouth To Write Out Runtime Data...
         Starting Set console font and keymap...
         Starting Create Volatile Files and Directories...
         Starting LSB: AppArmor initialization...
[[0;32m  OK  [0m] Started Tell Plymouth To Write Out Runtime Data.
[[0;32m  OK  [0m] Started Create Volatile Files and Directories.
         Starting Update UTMP about System Boot/Shutdown...
[[0;32m  OK  [0m] Started Commit a transient machine-id on disk.
[[0;32m  OK  [0m] Started Update UTMP about System Boot/Shutdown.
[[0;32m  OK  [0m] Found device /dev/ttyS0.
[[0;32m  OK  [0m] Listening on Load/Save RF Kill Switch Status /dev/rfkill Watch.
[[0;32m  OK  [0m] Started LSB: AppArmor initialization.
         Starting Load AppArmor profiles managed internally by snapd...
[[0;32m  OK  [0m] Started Set console font and keymap.
[[0;32m  OK  [0m] Created slice system-getty.slice.
[[0;32m  OK  [0m] Started Load AppArmor profiles managed internally by snapd.
[   15.353217] cloud-init[471]: Cloud-init v. 20.2-45-g5f7825e2-0ubuntu1~16.04.1 running 'init-local' at Sat, 22 Aug 2020 04:49:08 +0000. Up 15.03 seconds.
[[0;32m  OK  [0m] Started Initial cloud-init job (pre-networking).
[[0;32m  OK  [0m] Reached target Network (Pre).
         Starting Raise network interfaces...
[[0;32m  OK  [0m] Started Raise network interfaces.
[[0;32m  OK  [0m] Reached target Network.
         Starting Initial cloud-init job (metadata service crawler)...
[   16.548275] cloud-init[961]: Cloud-init v. 20.2-45-g5f7825e2-0ubuntu1~16.04.1 running 'init' at Sat, 22 Aug 2020 04:49:09 +0000. Up 15.86 seconds.
[   16.549748] cloud-init[961]: ci-info: ++++++++++++++++++++++++++++++++++++++Net device info+++++++++++++++++++++++++++++++++++++++
[   16.550916] cloud-init[961]: ci-info: +--------+-------+----------------------------+---------------+--------+-------------------+
[   16.552167] cloud-init[961]: ci-info: | Device |   Up  |          Address           |      Mask     | Scope  |     Hw-Address    |
[   16.560891] cloud-init[961]: ci-info: +--------+-------+----------------------------+---------------+--------+-------------------+
[   16.568992] cloud-init[961]: ci-info: | enp0s3 |  True |         10.0.2.15          | 255.255.255.0 | global | 02:d4:60:56:24:74 |
[   16.570364] cloud-init[961]: ci-info: | enp0s3 |  True | fe80::d4:60ff:fe56:2474/64 |       .       |  link  | 02:d4:60:56:24:74 |
[   16.576677] cloud-init[961]: ci-info: | enp0s8 | False |             .              |       .       |   .    | 08:00:27:2a:f0:3c |
[   16.584502] cloud-init[961]: ci-info: |   lo   |  True |         127.0.0.1          |   255.0.0.0   |  host  |         .         |
[[0;32m  OK  [0m] Started Initial cloud-init job (metadata service crawler).
[[0;32m  OK  [0m] Reached target Cloud-config availability.
[[0;32m  OK  [0m] Reached target Network is Online.
[   16.598909] cloud-init[961]: ci-info: |   lo   |  True |          ::1/128           |       .       |  host  |         .         |
[   16.615261] cloud-init[961]: ci-info: +--------+-------+----------------------------+---------------+--------+-------------------+
[   16.616418] cloud-init[961]: ci-info: +++++++++++++++++++++++++++Route IPv4 info++++++++++++++++++++++++++++
[   16.617416] cloud-init[961]: ci-info: +-------+-------------+----------+---------------+-----------+-------+
[   16.618407] cloud-init[961]: ci-info: | Route | Destination | Gateway  |    Genmask    | Interface | Flags |
[   16.624793] cloud-init[961]: ci-info: +-------+-------------+----------+---------------+-----------+-------+
[   16.625787] cloud-init[961]: ci-info: |   0   |   0.0.0.0   | 10.0.2.2 |    0.0.0.0    |   enp0s3  |   UG  |
[   16.633145]          Starting iSCSI initiator daemon (iscsid)...
[[0;32m  OK  [0m] Reached target System Initialization.
cloud-init[961]: ci-info: |   1   |   10.0.2.0  | 0.0.0.0  | 255.255.255.0 |   enp0s3  |   U   |
[   16.640467] [cloud-init[0;32m  OK  [0m[961]: ] ci-info: +-------+-------------+----------+---------------+-----------+-------+Listening on ACPID Listen Socket.

[[0;32m  OK  [0m] Listening on D-Bus System Message Bus Socket.
[   16.641346] cloud-init[961]: ci-info: +++++++++++++++++++Route IPv6 info+++++++++++++++++++
[   16.656668] [[0;32m  OK  [0m] Started Daily apt download activities.
cloud-init[961]: ci-info: +-------+-------------+---------+-----------+-------+
[[0;32m  OK  [0m] Listening on UUID daemon activation socket.
[   16.657707] cloud-init[961]: ci-info: | Route | Destination | Gateway | Interface | Flags |
[   16.672878]          cloud-initStarting LXD - unix socket.[961]: 
ci-info: +-------+-------------+---------+-----------+-------+
[   16.680820] [cloud-init[0;32m  OK  [0m[961]: ] ci-info: |   0   |  fe80::/64  |    ::   |   enp0s3  |   U   |Started ACPI Events Check.

[[0;32m  OK  [0m] Reached target Paths.
[   16.681756] [cloud-init[0;32m  OK  [0m[961]: ] ci-info: |   3   |   ff00::/8  |    ::   |   enp0s3  |   U   |Started Daily Cleanup of Temporary Directories.

[   16.696893] [cloud-init[0;32m  OK  [0m[961]: ] ci-info: +-------+-------------+---------+-----------+-------+Started Message of the Day.

         Starting Socket activation for snappy daemon.
[   16.698065] cloud-init[961]: Generating public/private rsa key pair.
[   16.706181] [cloud-init[0;32m  OK  [0m[961]: ] Your identification has been saved in /etc/ssh/ssh_host_rsa_key.Started Daily apt upgrade and clean activities.

[[0;32m  OK  [0m] Reached target Timers.
[   16.707141] cloud-init[961]: Your public key has been saved in /etc/ssh/ssh_host_rsa_key.pub.
[   16.720926] cloud-init[961]: The key fingerprint is:
[[0;32m  OK  [0m] Listening on LXD - unix socket.
[[0;32m  OK  [0m] Listening on Socket activation for snappy daemon.
[[0;32m  OK  [0m] Reached target Sockets.
[[0;32m  OK  [0m[   16.728345] cloud-init[961]: SHA256:x5iulC08Z+jRdgUnJ1Lvgnq6mr9WJKaMQcp6IF0oJcQ root@ubuntu-xenial
] Reached target Basic System.
[   16.731491] cloud-init[961]: The key's randomart image is:
[   16.732740] cloud-init[961]: +---[RSA 2048]----+
[   16.740738] cloud-init[961]: |+o..      .      |
         Starting Pollinate to seed the pseudo random number generator...
[   16.742048] cloud-init[961]:          Starting Login Service...
         Starting /etc/rc.local Compatibility...
         Starting LSB: Record successful boot for GRUB...
|.Eo .    . .     |
[   16.754421] cloud-init[961]: |.= .    . + +    |
[   16.754647] cloud-init[961]: |+.o   o .* B     |
[   16.754910] cloud-init[961]: |o. + o oS + o    |
[[   16.755109] [0;32m  OK  [0mcloud-init[961]: |. o o. B.. o     |
[   16.755533] cloud-init[961]: | .    X.O .      |
] Started Regular background program processing daemon.
[   16.757644] cloud-init[961]: |     +.@ .       |
[   16.758786] cloud-init[961]: |    o+Bo         |
         Starting Virtualbox guest utils...
[   16.758968] cloud-init[961]: +----[SHA256]-----+
[   16.761299] cloud-init[961]: Generating public/private dsa key pair.
[[0;32m  OK  [0m] Started FUSE filesystem for LXC.
[   16.770782] cloud-init[961]: Your identification has been saved in /etc/ssh/ssh_host_dsa_key.
[   16.784413] [[0;32m  OK  [0m] Started Deferred execution scheduler.
cloud-init[961]: Your public key has been saved in /etc/ssh/ssh_host_dsa_key.pub.
[   16.787229] cloud-init[961]: The key fingerprint is:
[   16.789036] cloud-init[961]: SHA256:6G0P1EoOk7YjbgtxxijbHI05EtjSGjQwHDUExG7iFls root@ubuntu-xenial
[   16.789201] cloud-init[961]: The key's randomart image is:
[   16.789347] cloud-init[961]: +---[DSA 1024]----+
[   16.789566] cloud-init[961]: |B*=+             |
[   16.789863] cloud-init[961]: |o*. .            |
[   16.790094] cloud-init[961]: |* o              |
[   16.790538] cloud-init[961]: |.O E   o .       |
[   16.790646] cloud-init[961]: |B @ = * S .      |
[   16.790903] cloud-init[961]: | X * o O .       |
[   16.791043] cloud-init[961]: |o + . + *        |
[[0;32m  OK  [0m] Started D-Bus System Message Bus.
[   16.791150] cloud-init[961]: |   o.. o o       |
[   16.800395] cloud-init[961]: |   .o.    .      |
[   16.801407] cloud-init[961]: +----[SHA256]-----+
[   16.808551] cloud-init[961]: Generating public/private ecdsa key pair.
[   16.809916] cloud-init[961]: Your identification has been saved in /etc/ssh/ssh_host_ecdsa_key.
[   16.811239] cloud-init[961]: Your public key has been saved in /etc/ssh/ssh_host_ecdsa_key.pub.
[   16.820724] cloud-init[961]: The key fingerprint is:
[   16.832533] cloud-init[961]: SHA256:Iw/h0KbXS2t8ESN+Bpgf/IemEr75Ibzlbg4RWSa5nYM root@ubuntu-xenial
[   16.834140] cloud-init[961]: The key's randomart image is:
[   16.835496] cloud-init[961]: +---[ECDSA 256]---+
[   16.844354] cloud-init[961]: |      ..o        |
[   16.856411] cloud-init[961]: |     ..O         |
[   16.864566] cloud-init[961]: |    . O+=.o      |
[   16.865710] cloud-init[961]: |     =E*+= +     |
[   16.876935] cloud-init[961]: |    . B S.B .    |
[   16.884670] cloud-init[961]: |     + O O o     |
[   16.886063] cloud-init[961]: |      * X .      |
[   16.889920] cloud-init[961]: |       @.o       |
[   16.896573] cloud-init[961]: |      +==        |
[   16.897800] cloud-init[961]: +----[SHA256]-----+
[   16.904475] cloud-init[961]: Generating public/private ed25519 key pair.
[   16.913927] cloud-init[961]: Your identification has been saved in /etc/ssh/ssh_host_ed25519_key.
         Starting System Logging Service...
[   16.914739] cloud-init[961]: Your public key has been saved in /etc/ssh/ssh_host_ed25519_key.pub.
[   16.928665] cloud-init[961]: The key fingerprint is:
[   16.929898] cloud-init[961]: SHA256:OBOISEbT4TXJ/VPlhuRvdZTKByKBQVkKiryndYh+P1c root@ubuntu-xenial
[   16.931588] cloud-init[961]: The key's randomart image is:
[   16.933179] cloud-init[961]: +--[ED25519 256]--+
[   16.934524] cloud-init[961]: |.=..o++o=o....  o|
[   16.940403] cloud-init[961]: |+.+oo+o+..ooo. o |
[[   16.948873] [0;32m  OK  [0mcloud-init] [961]: |.o.o. ... ooooo..|
Started ACPI event daemon.
[   16.949175] cloud-init[961]: |  o .  o o  oo...|
[   16.964511] cloud-init[961]: | o + .+ S .  o.  |
[   16.964756] cloud-init[961]: |. + .  o E  .    |
         Starting LSB: MD monitoring daemon...
[   16.964812] cloud-init[961]: | o .    .        |
[   16.973864] cloud-init[961]: |  . .. .         |
[   16.974164] cloud-init[961]: |     .o          |
         Starting LXD - container startup/shutdown...
[   16.974202] cloud-init[961]: +----[SHA256]-----+
         Starting Snap Daemon...
         Starting Accounts Service...
[[0;32m  OK  [0m] Started System Logging Service.
[[0;32m  OK  [0m] Started iSCSI initiator daemon (iscsid).
[[0;32m  OK  [0m] Started /etc/rc.local Compatibility.
         Starting Login to default iSCSI targets...
[[0;32m  OK  [0m] Started Login Service.
[[0;32m  OK  [0m] Started Unattended Upgrades Shutdown.
[[0;32m  OK  [0m] Started LSB: Record successful boot for GRUB.
[[0;32m  OK  [0m] Started LSB: MD monitoring daemon.
[[0;32m  OK  [0m] Started Login to default iSCSI targets.
[[0;32m  OK  [0m] Reached target Remote File Systems (Pre).
[[0;32m  OK  [0m] Reached target Remote File Systems.
         Starting LSB: daemon to balance interrupts for SMP systems...
         Starting Permit User Sessions...
         Starting LSB: automatic crash report generation...
         Starting LSB: Set the CPU Frequency Scaling governor to "ondemand"...
[[0;32m  OK  [0m] Started Permit User Sessions.
         Starting Hold until boot process finishes up...
         Starting Terminate Plymouth Boot Screen...
[[0;32m  OK  [0m] Started LSB: automatic crash report generation.
[[0;32m  OK  [0m] Started Hold until boot process finishes up.
[[0;32m  OK  [0m] Started Terminate Plymouth Boot Screen.
[[0;32m  OK  [0m] Started Serial Getty on ttyS0.
[[0;32m  OK  [0m] Started Getty on tty1.
[[0;32m  OK  [0m] Reached target Login Prompts.
         Starting Set console scheme...
[[0;32m  OK  [0m] Started Virtualbox guest utils.
[[0;32m  OK  [0m] Started LSB: Set the CPU Frequency Scaling governor to "ondemand".
[[0;32m  OK  [0m] Started Set console scheme.
         Starting Authenticate and Authorize Users to Run Privileged Tasks...
[[0;32m  OK  [0m] Started LSB: daemon to balance interrupts for SMP systems.
[[0;32m  OK  [0m] Started Authenticate and Authorize Users to Run Privileged Tasks.
[[0;32m  OK  [0m] Started Accounts Service.
[[0;32m  OK  [0m] Started LXD - container startup/shutdown.
[[0;32m  OK  [0m] Started Snap Daemon.
         Starting Wait until snapd is fully seeded...
[[0;32m  OK  [0m] Started Pollinate to seed the pseudo random number generator.
         Starting OpenBSD Secure Shell server...
[[0;32m  OK  [0m] Started OpenBSD Secure Shell server.
[[0;32m  OK  [0m] Created slice User Slice of vagrant.
         Starting User Manager for UID 1000...
[[0;32m  OK  [0m] Started Session 1 of user vagrant.
[[0;32m  OK  [0m] Started User Manager for UID 1000.
[[0;32m  OK  [0m] Started Session 2 of user vagrant.
         Starting Hostname Service...
[[0;32m  OK  [0m] Started Hostname Service.
[[0;32m  OK  [0m] Stopped ifup for enp0s3.
[[0;32m  OK  [0m] Started ifup for enp0s3.
[[0;32m  OK  [0m] Stopped ifup for enp0s8.
[[0;32m  OK  [0m] Started ifup for enp0s8.

[   23.502748] cloud-init[1953]: Generating locales (this might take a while)...
Ubuntu 16.04.6 LTS scoreDB ttyS0

scoreDB login: [   24.156551] cloud-init[1953]:   en_US.UTF-8... done
[   24.157274] cloud-init[1953]: Generation complete.
[   24.571884] cloud-init[1953]: Cloud-init v. 20.2-45-g5f7825e2-0ubuntu1~16.04.1 running 'modules:config' at Sat, 22 Aug 2020 04:49:17 +0000. Up 23.39 seconds.
ci-info: no authorized SSH keys fingerprints found for user ubuntu.
<14>Aug 22 04:49:18 ec2: 
<14>Aug 22 04:49:18 ec2: #############################################################
<14>Aug 22 04:49:18 ec2: -----BEGIN SSH HOST KEY FINGERPRINTS-----
<14>Aug 22 04:49:18 ec2: 1024 SHA256:6G0P1EoOk7YjbgtxxijbHI05EtjSGjQwHDUExG7iFls root@ubuntu-xenial (DSA)
<14>Aug 22 04:49:18 ec2: 256 SHA256:Iw/h0KbXS2t8ESN+Bpgf/IemEr75Ibzlbg4RWSa5nYM root@ubuntu-xenial (ECDSA)
<14>Aug 22 04:49:18 ec2: 256 SHA256:OBOISEbT4TXJ/VPlhuRvdZTKByKBQVkKiryndYh+P1c root@ubuntu-xenial (ED25519)
<14>Aug 22 04:49:18 ec2: 2048 SHA256:x5iulC08Z+jRdgUnJ1Lvgnq6mr9WJKaMQcp6IF0oJcQ root@ubuntu-xenial (RSA)
<14>Aug 22 04:49:18 ec2: -----END SSH HOST KEY FINGERPRINTS-----
<14>Aug 22 04:49:18 ec2: #############################################################
-----BEGIN SSH HOST KEY KEYS-----
ecdsa-sha2-nistp256 AAAAE2VjZHNhLXNoYTItbmlzdHAyNTYAAAAIbmlzdHAyNTYAAABBBMv7uT8HiRmEkUzltYocY+9mHXjg5+go5wGxT0TaqJsyVW4MmawHJLfZ2wxegdSoj+yJq2kazUUuvU9qkjj8Vdk= root@ubuntu-xenial
ssh-ed25519 AAAAC3NzaC1lZDI1NTE5AAAAIOg5UINAAKvVvtQ5CZj0idLx7G+PS6L9Ckl5x5SwjmXe root@ubuntu-xenial
ssh-rsa AAAAB3NzaC1yc2EAAAADAQABAAABAQC5LzFiAMCmZSVohQeGfD7B7IeUdzY8L+/EEJb9+qmpdTgT5Qcp/m6yec6cEGXb0Gs1c/6fH2V5E8r5Yb29+IWqej04nTRTXaK27vyropjS3MxOUIhR7bV8phAdmL9tEuOs7IzVAWbFVjmJnAtEzKoZNa2swV8IXL7eHMPCGqni8rMo6vgKKS1bAVGf34cdWCud3tX2cGbLIZWfsfcfmf8CPrOG2HroQ6Oa14L+zCL8iJyxahUZmKifCx63FcqOd1duOApP1Dprz0Xj1rvMFkc5jjlZ0U65wUBov4Q5mHPvNMe7YfehOn9yyKxI6HsOVXrR0ITysn556vH2drTsaqYZ root@ubuntu-xenial
-----END SSH HOST KEY KEYS-----
[   24.933296] cloud-init[1995]: Cloud-init v. 20.2-45-g5f7825e2-0ubuntu1~16.04.1 running 'modules:final' at Sat, 22 Aug 2020 04:49:18 +0000. Up 24.80 seconds.
[   24.933537] cloud-init[1995]: ci-info: no authorized SSH keys fingerprints found for user ubuntu.
[   24.933880] cloud-init[1995]: Cloud-init v. 20.2-45-g5f7825e2-0ubuntu1~16.04.1 finished at Sat, 22 Aug 2020 04:49:18 +0000. Datasource DataSourceNoCloud [seed=/dev/sdb][dsmode=net].  Up 24.92 seconds
