[    0.000000] Initializing cgroup subsys cpuset
[    0.000000] Initializing cgroup subsys cpu
[    0.000000] Initializing cgroup subsys cpuacct
[    0.000000] Linux version 4.4.0-186-generic (buildd@lcy01-amd64-002) (gcc version 5.4.0 20160609 (Ubuntu 5.4.0-6ubuntu1~16.04.12) ) #216-Ubuntu SMP Wed Jul 1 05:34:05 UTC 2020 (Ubuntu 4.4.0-186.216-generic 4.4.228)
[    0.000000] Command line: BOOT_IMAGE=/boot/vmlinuz-4.4.0-186-generic root=LABEL=cloudimg-rootfs ro console=tty1 console=ttyS0
[    0.000000] KERNEL supported cpus:
[    0.000000]   Intel GenuineIntel
[    0.000000]   AMD AuthenticAMD
[    0.000000]   Centaur CentaurHauls
[    0.000000] x86/fpu: xstate_offset[2]:  576, xstate_sizes[2]:  256
[    0.000000] x86/fpu: Supporting XSAVE feature 0x01: 'x87 floating point registers'
[    0.000000] x86/fpu: Supporting XSAVE feature 0x02: 'SSE registers'
[    0.000000] x86/fpu: Supporting XSAVE feature 0x04: 'AVX registers'
[    0.000000] x86/fpu: Enabled xstate features 0x7, context size is 832 bytes, using 'standard' format.
[    0.000000] e820: BIOS-provided physical RAM map:
[    0.000000] BIOS-e820: [mem 0x0000000000000000-0x000000000009fbff] usable
[    0.000000] BIOS-e820: [mem 0x000000000009fc00-0x000000000009ffff] reserved
[    0.000000] BIOS-e820: [mem 0x00000000000f0000-0x00000000000fffff] reserved
[    0.000000] BIOS-e820: [mem 0x0000000000100000-0x000000003ffeffff] usable
[    0.000000] BIOS-e820: [mem 0x000000003fff0000-0x000000003fffffff] ACPI data
[    0.000000] BIOS-e820: [mem 0x00000000fec00000-0x00000000fec00fff] reserved
[    0.000000] BIOS-e820: [mem 0x00000000fee00000-0x00000000fee00fff] reserved
[    0.000000] BIOS-e820: [mem 0x00000000fffc0000-0x00000000ffffffff] reserved
[    0.000000] NX (Execute Disable) protection: active
[    0.000000] SMBIOS 2.5 present.
[    0.000000] Hypervisor detected: KVM
[    0.000000] e820: last_pfn = 0x3fff0 max_arch_pfn = 0x400000000
[    0.000000] MTRR: Disabled
[    0.000000] x86/PAT: MTRRs disabled, skipping PAT initialization too.
[    0.000000] CPU MTRRs all blank - virtualized system.
[    0.000000] x86/PAT: Configuration [0-7]: WB  WT  UC- UC  WB  WT  UC- UC  
[    0.000000] found SMP MP-table at [mem 0x0009fff0-0x0009ffff] mapped at [ffff88000009fff0]
[    0.000000] Scanning 1 areas for low memory corruption
[    0.000000] RAMDISK: [mem 0x362e2000-0x37168fff]
[    0.000000] ACPI: Early table checksum verification disabled
[    0.000000] ACPI: RSDP 0x00000000000E0000 000024 (v02 VBOX  )
[    0.000000] ACPI: XSDT 0x000000003FFF0030 00003C (v01 VBOX   VBOXXSDT 00000001 ASL  00000061)
[    0.000000] ACPI: FACP 0x000000003FFF00F0 0000F4 (v04 VBOX   VBOXFACP 00000001 ASL  00000061)
[    0.000000] ACPI: DSDT 0x000000003FFF0470 002325 (v02 VBOX   VBOXBIOS 00000002 INTL 20100528)
[    0.000000] ACPI: FACS 0x000000003FFF0200 000040
[    0.000000] ACPI: FACS 0x000000003FFF0200 000040
[    0.000000] ACPI: APIC 0x000000003FFF0240 00005C (v02 VBOX   VBOXAPIC 00000001 ASL  00000061)
[    0.000000] ACPI: SSDT 0x000000003FFF02A0 0001CC (v01 VBOX   VBOXCPUT 00000002 INTL 20100528)
[    0.000000] No NUMA configuration found
[    0.000000] Faking a node at [mem 0x0000000000000000-0x000000003ffeffff]
[    0.000000] NODE_DATA(0) allocated [mem 0x3ffeb000-0x3ffeffff]
[    0.000000] kvm-clock: Using msrs 4b564d01 and 4b564d00
[    0.000000] kvm-clock: cpu 0, msr 0:3ffe3001, primary cpu clock
[    0.000000] kvm-clock: using sched offset of 5220388095 cycles
[    0.000000] clocksource: kvm-clock: mask: 0xffffffffffffffff max_cycles: 0x1cd42e4dffb, max_idle_ns: 881590591483 ns
[    0.000000] Zone ranges:
[    0.000000]   DMA      [mem 0x0000000000001000-0x0000000000ffffff]
[    0.000000]   DMA32    [mem 0x0000000001000000-0x000000003ffeffff]
[    0.000000]   Normal   empty
[    0.000000]   Device   empty
[    0.000000] Movable zone start for each node
[    0.000000] Early memory node ranges
[    0.000000]   node   0: [mem 0x0000000000001000-0x000000000009efff]
[    0.000000]   node   0: [mem 0x0000000000100000-0x000000003ffeffff]
[    0.000000] Initmem setup node 0 [mem 0x0000000000001000-0x000000003ffeffff]
[    0.000000] ACPI: PM-Timer IO Port: 0x4008
[    0.000000] IOAPIC[0]: apic_id 2, version 32, address 0xfec00000, GSI 0-23
[    0.000000] ACPI: INT_SRC_OVR (bus 0 bus_irq 0 global_irq 2 dfl dfl)
[    0.000000] ACPI: INT_SRC_OVR (bus 0 bus_irq 9 global_irq 9 low level)
[    0.000000] Using ACPI (MADT) for SMP configuration information
[    0.000000] smpboot: Allowing 2 CPUs, 0 hotplug CPUs
[    0.000000] PM: Registered nosave memory: [mem 0x00000000-0x00000fff]
[    0.000000] PM: Registered nosave memory: [mem 0x0009f000-0x0009ffff]
[    0.000000] PM: Registered nosave memory: [mem 0x000a0000-0x000effff]
[    0.000000] PM: Registered nosave memory: [mem 0x000f0000-0x000fffff]
[    0.000000] e820: [mem 0x40000000-0xfebfffff] available for PCI devices
[    0.000000] Booting paravirtualized kernel on KVM
[    0.000000] clocksource: refined-jiffies: mask: 0xffffffff max_cycles: 0xffffffff, max_idle_ns: 7645519600211568 ns
[    0.000000] setup_percpu: NR_CPUS:512 nr_cpumask_bits:512 nr_cpu_ids:2 nr_node_ids:1
[    0.000000] PERCPU: Embedded 33 pages/cpu @ffff88003fc00000 s95512 r8192 d31464 u1048576
[    0.000000] Built 1 zonelists in Node order, mobility grouping on.  Total pages: 257912
[    0.000000] Policy zone: DMA32
[    0.000000] Kernel command line: BOOT_IMAGE=/boot/vmlinuz-4.4.0-186-generic root=LABEL=cloudimg-rootfs ro console=tty1 console=ttyS0
[    0.000000] PID hash table entries: 4096 (order: 3, 32768 bytes)
[    0.000000] Memory: 997668K/1048120K available (8636K kernel code, 1337K rwdata, 4040K rodata, 1492K init, 1296K bss, 50452K reserved, 0K cma-reserved)
[    0.000000] SLUB: HWalign=64, Order=0-3, MinObjects=0, CPUs=2, Nodes=1
[    0.000000] Kernel/User page tables isolation: enabled
[    0.000000] Hierarchical RCU implementation.
[    0.000000] 	Build-time adjustment of leaf fanout to 64.
[    0.000000] 	RCU restricting CPUs from NR_CPUS=512 to nr_cpu_ids=2.
[    0.000000] RCU: Adjusting geometry for rcu_fanout_leaf=64, nr_cpu_ids=2
[    0.000000] NR_IRQS:33024 nr_irqs:440 16
[    0.000000] Console: colour VGA+ 80x25
[    0.000000] console [tty1] enabled
[    0.000000] console [ttyS0] enabled
[    0.000000] tsc: Detected 3408.000 MHz processor
[    0.281400] Calibrating delay loop (skipped) preset value.. 6816.00 BogoMIPS (lpj=13632000)
[    0.285334] pid_max: default: 32768 minimum: 301
[    0.287487] ACPI: Core revision 20150930
[    0.290067] ACPI: 2 ACPI AML tables successfully acquired and loaded
[    0.293436] Security Framework initialized
[    0.295355] Yama: becoming mindful.
[    0.297038] AppArmor: AppArmor initialized
[    0.299013] Dentry cache hash table entries: 131072 (order: 8, 1048576 bytes)
[    0.303408] Inode-cache hash table entries: 65536 (order: 7, 524288 bytes)
[    0.306583] Mount-cache hash table entries: 2048 (order: 2, 16384 bytes)
[    0.309578] Mountpoint-cache hash table entries: 2048 (order: 2, 16384 bytes)
[    0.312970] Initializing cgroup subsys io
[    0.314857] Initializing cgroup subsys memory
[    0.316891] Initializing cgroup subsys devices
[    0.318948] Initializing cgroup subsys freezer
[    0.321392] Initializing cgroup subsys net_cls
[    0.323450] Initializing cgroup subsys perf_event
[    0.325625] Initializing cgroup subsys net_prio
[    0.327715] Initializing cgroup subsys hugetlb
[    0.329785] Initializing cgroup subsys pids
[    0.332722] mce: CPU supports 0 MCE banks
[    0.334624] Last level iTLB entries: 4KB 128, 2MB 8, 4MB 8
[    0.337149] Last level dTLB entries: 4KB 64, 2MB 0, 4MB 0, 1GB 4
[    0.339933] Spectre V1 : Mitigation: usercopy/swapgs barriers and __user pointer sanitization
[    0.343881] Spectre V2 : Mitigation: Full generic retpoline
[    0.346405] Spectre V2 : Spectre v2 / SpectreRSB mitigation: Filling RSB on context switch
[    0.350197] Speculative Store Bypass: Vulnerable
[    0.352355] SRBDS: Unknown: Dependent on hypervisor status
[    0.354905] MDS: Mitigation: Clear CPU buffers
[    0.359180] Freeing SMP alternatives memory: 36K
[    0.366384] ftrace: allocating 32334 entries in 127 pages
[    0.423173] smpboot: APIC(0) Converting physical 0 to logical package 0
[    0.427166] smpboot: Max logical packages: 1
[    0.429850] x2apic enabled
[    0.431751] Switched APIC routing to physical x2apic.
[    0.435337] ..TIMER: vector=0x30 apic1=0 pin1=2 apic2=-1 pin2=-1
[    0.546302] smpboot: CPU0: Intel(R) Core(TM) i5-7500 CPU @ 3.40GHz (family: 0x6, model: 0x9e, stepping: 0x9)
[    0.551083] Performance Events: unsupported p6 CPU model 158 no PMU driver, software events only.
[    0.564255] KVM setup paravirtual spinlock
[    0.566780] x86: Booting SMP configuration:
[    0.568756] .... node  #0, CPUs:      #1
[    0.570941] kvm-clock: cpu 1, msr 0:3ffe3041, secondary cpu clock
[    0.575429] mce: CPU supports 0 MCE banks
[    0.579288] x86: Booted up 1 node, 2 CPUs
[    0.581177] smpboot: Total of 2 processors activated (13632.00 BogoMIPS)
[    0.584210] devtmpfs: initialized
[    0.586901] evm: security.selinux
[    0.588312] evm: security.SMACK64
[    0.589676] evm: security.SMACK64EXEC
[    0.591119] evm: security.SMACK64TRANSMUTE
[    0.592847] evm: security.SMACK64MMAP
[    0.594302] evm: security.ima
[    0.595518] evm: security.capability
[    0.597139] clocksource: jiffies: mask: 0xffffffff max_cycles: 0xffffffff, max_idle_ns: 7645041785100000 ns
[    0.600788] futex hash table entries: 512 (order: 3, 32768 bytes)
[    0.603426] pinctrl core: initialized pinctrl subsystem
[    0.605503] RTC time:  5:34:58, date: 08/30/20
[    0.607405] NET: Registered protocol family 16
[    0.618327] cpuidle: using governor ladder
[    0.630779] cpuidle: using governor menu
[    0.632399] PCCT header not found.
[    0.633803] ACPI: bus type PCI registered
[    0.635374] acpiphp: ACPI Hot Plug PCI Controller Driver version: 0.5
[    0.637959] PCI: Using configuration type 1 for base access
[    0.650897] ACPI: Added _OSI(Module Device)
[    0.652681] ACPI: Added _OSI(Processor Device)
[    0.654403] ACPI: Added _OSI(3.0 _SCP Extensions)
[    0.656239] ACPI: Added _OSI(Processor Aggregator Device)
[    0.658936] ACPI: Executed 1 blocks of module-level executable AML code
[    0.663226] ACPI: Interpreter enabled
[    0.664709] ACPI: (supports S0 S5)
[    0.666057] ACPI: Using IOAPIC for interrupt routing
[    0.668053] PCI: Using host bridge windows from ACPI; if necessary, use "pci=nocrs" and report a bug
[    0.675165] ACPI: PCI Root Bridge [PCI0] (domain 0000 [bus 00-ff])
[    0.677441] acpi PNP0A03:00: _OSC: OS supports [ASPM ClockPM Segments MSI]
[    0.680211] acpi PNP0A03:00: _OSC: not requesting OS control; OS requires [ExtendedConfig ASPM ClockPM MSI]
[    0.683838] acpi PNP0A03:00: fail to add MMCONFIG information, can't access extended PCI configuration space under this bridge.
[    0.688545] PCI host bridge to bus 0000:00
[    0.690153] pci_bus 0000:00: root bus resource [io  0x0000-0x0cf7 window]
[    0.692691] pci_bus 0000:00: root bus resource [io  0x0d00-0xffff window]
[    0.695151] pci_bus 0000:00: root bus resource [mem 0x000a0000-0x000bffff window]
[    0.698003] pci_bus 0000:00: root bus resource [mem 0x40000000-0xfdffffff window]
[    0.700852] pci_bus 0000:00: root bus resource [bus 00-ff]
[    0.705281] pci 0000:00:01.1: legacy IDE quirk: reg 0x10: [io  0x01f0-0x01f7]
[    0.707879] pci 0000:00:01.1: legacy IDE quirk: reg 0x14: [io  0x03f6]
[    0.710249] pci 0000:00:01.1: legacy IDE quirk: reg 0x18: [io  0x0170-0x0177]
[    0.720269] pci 0000:00:01.1: legacy IDE quirk: reg 0x1c: [io  0x0376]
[    0.735869] pci 0000:00:07.0: quirk: [io  0x4000-0x403f] claimed by PIIX4 ACPI
[    0.738805] pci 0000:00:07.0: quirk: [io  0x4100-0x410f] claimed by PIIX4 SMB
[    0.749392] ACPI: PCI Interrupt Link [LNKA] (IRQs 5 9 10 *11)
[    0.752512] ACPI: PCI Interrupt Link [LNKB] (IRQs 5 9 *10 11)
[    0.755399] ACPI: PCI Interrupt Link [LNKC] (IRQs 5 *9 10 11)
[    0.758257] ACPI: PCI Interrupt Link [LNKD] (IRQs 5 9 10 *11)
[    0.761610] ACPI: Enabled 2 GPEs in block 00 to 07
[    0.763923] vgaarb: setting as boot device: PCI:0000:00:02.0
[    0.765990] vgaarb: device added: PCI:0000:00:02.0,decodes=io+mem,owns=io+mem,locks=none
[    0.769114] vgaarb: loaded
[    0.770307] vgaarb: bridge control possible 0000:00:02.0
[    0.772510] SCSI subsystem initialized
[    0.774142] ACPI: bus type USB registered
[    0.775779] usbcore: registered new interface driver usbfs
[    0.777829] usbcore: registered new interface driver hub
[    0.779854] usbcore: registered new device driver usb
[    0.782133] PCI: Using ACPI for IRQ routing
[    0.785195] NetLabel: Initializing
[    0.786693] NetLabel:  domain hash size = 128
[    0.788377] NetLabel:  protocols = UNLABELED CIPSOv4
[    0.790283] NetLabel:  unlabeled traffic allowed by default
[    0.792571] amd_nb: Cannot enumerate AMD northbridges
[    0.794541] clocksource: Switched to clocksource kvm-clock
[    0.803066] AppArmor: AppArmor Filesystem Enabled
[    0.804984] pnp: PnP ACPI init
[    0.807232] pnp: PnP ACPI: found 3 devices
[    0.819028] clocksource: acpi_pm: mask: 0xffffff max_cycles: 0xffffff, max_idle_ns: 2085701024 ns
[    0.822324] NET: Registered protocol family 2
[    0.824092] TCP established hash table entries: 8192 (order: 4, 65536 bytes)
[    0.826664] TCP bind hash table entries: 8192 (order: 5, 131072 bytes)
[    0.829049] TCP: Hash tables configured (established 8192 bind 8192)
[    0.831409] UDP hash table entries: 512 (order: 2, 16384 bytes)
[    0.833573] UDP-Lite hash table entries: 512 (order: 2, 16384 bytes)
[    0.835913] NET: Registered protocol family 1
[    0.837582] pci 0000:00:00.0: Limiting direct PCI/PCI transfers
[    0.839779] pci 0000:00:01.0: Activating ISA DMA hang workarounds
[    0.842246] Unpacking initramfs...
[    1.037967] Freeing initrd memory: 14876K
[    1.040189] clocksource: tsc: mask: 0xffffffffffffffff max_cycles: 0x311fd3cd494, max_idle_ns: 440795223879 ns
[    1.044754] platform rtc_cmos: registered platform RTC device (no PNP device found)
[    1.048306] Scanning for low memory corruption every 60 seconds
[    1.051494] audit: initializing netlink subsys (disabled)
[    1.053980] audit: type=2000 audit(1598765705.425:1): initialized
[    1.056968] Initialise system trusted keyring
[    1.059300] HugeTLB registered 2 MB page size, pre-allocated 0 pages
[    1.063121] zbud: loaded
[    1.064744] VFS: Disk quotas dquot_6.6.0
[    1.066676] VFS: Dquot-cache hash table entries: 512 (order 0, 4096 bytes)
[    1.069999] squashfs: version 4.0 (2009/01/31) Phillip Lougher
[    1.073089] fuse init (API version 7.23)
[    1.075259] Key type big_key registered
[    1.077131] Allocating IMA MOK and blacklist keyrings.
[    1.082181] Key type asymmetric registered
[    1.084123] Asymmetric key parser 'x509' registered
[    1.086459] Block layer SCSI generic (bsg) driver version 0.4 loaded (major 249)
[    1.090125] io scheduler noop registered
[    1.092023] io scheduler deadline registered (default)
[    1.094441] io scheduler cfq registered
[    1.096399] pci_hotplug: PCI Hot Plug PCI Core version: 0.5
[    1.099013] pciehp: PCI Express Hot Plug Controller Driver version: 0.4
[    1.102277] ACPI: AC Adapter [AC] (on-line)
[    1.104382] input: Power Button as /devices/LNXSYSTM:00/LNXPWRBN:00/input/input0
[    1.107896] ACPI: Power Button [PWRF]
[    1.109736] input: Sleep Button as /devices/LNXSYSTM:00/LNXSLPBN:00/input/input1
[    1.113280] ACPI: Sleep Button [SLPF]
[    1.115495] GHES: HEST is not enabled!
[    1.117486] Serial: 8250/16550 driver, 32 ports, IRQ sharing enabled
[    1.140971] 00:02: ttyS0 at I/O 0x3f8 (irq = 4, base_baud = 115200) is a 16550A
[    1.147383] Linux agpgart interface v0.103
[    1.151023] loop: module loaded
[    1.153030] scsi host0: ata_piix
[    1.154888] scsi host1: ata_piix
[    1.156515] ata1: PATA max UDMA/33 cmd 0x1f0 ctl 0x3f6 bmdma 0xd000 irq 14
[    1.159667] ata2: PATA max UDMA/33 cmd 0x170 ctl 0x376 bmdma 0xd008 irq 15
[    1.162938] libphy: Fixed MDIO Bus: probed
[    1.164922] tun: Universal TUN/TAP device driver, 1.6
[    1.167276] tun: (C) 1999-2004 Max Krasnyansky <maxk@qualcomm.com>
[    1.170227] PPP generic driver version 2.4.2
[    1.172473] ehci_hcd: USB 2.0 'Enhanced' Host Controller (EHCI) Driver
[    1.175456] ehci-pci: EHCI PCI platform driver
[    1.177574] ehci-platform: EHCI generic platform driver
[    1.180036] ohci_hcd: USB 1.1 'Open' Host Controller (OHCI) Driver
[    1.182897] ohci-pci: OHCI PCI platform driver
[    1.185001] ohci-platform: OHCI generic platform driver
[    1.187463] uhci_hcd: USB Universal Host Controller Interface driver
[    1.190400] i8042: PNP: PS/2 Controller [PNP0303:PS2K,PNP0f03:PS2M] at 0x60,0x64 irq 1,12
[    1.194603] serio: i8042 KBD port at 0x60,0x64 irq 1
[    1.196958] serio: i8042 AUX port at 0x60,0x64 irq 12
[    1.199700] mousedev: PS/2 mouse device common for all mice
[    1.202646] input: AT Translated Set 2 keyboard as /devices/platform/i8042/serio0/input/input2
[    1.207196] rtc_cmos rtc_cmos: rtc core: registered rtc_cmos as rtc0
[    1.210137] rtc_cmos rtc_cmos: alarms up to one day, 114 bytes nvram
[    1.213078] i2c /dev entries driver
[    1.214807] device-mapper: uevent: version 1.0.3
[    1.217087] device-mapper: ioctl: 4.34.0-ioctl (2015-10-28) initialised: dm-devel@redhat.com
[    1.221154] ledtrig-cpu: registered to indicate activity on CPUs
[    1.224887] NET: Registered protocol family 10
[    1.227271] NET: Registered protocol family 17
[    1.229384] Key type dns_resolver registered
[    1.232162] registered taskstats version 1
[    1.234131] Loading compiled-in X.509 certificates
[    1.236833] Loaded X.509 cert 'Build time autogenerated kernel key: cef5e81496c0efa51b848ab539e845ddf31c08be'
[    1.241395] zswap: loaded using pool lzo/zbud
[    1.245540] Key type trusted registered
[    1.251384] Key type encrypted registered
[    1.253292] AppArmor: AppArmor sha1 policy hashing enabled
[    1.255822] ima: No TPM chip found, activating TPM-bypass!
[    1.258338] ima: Allocated hash algorithm: sha1
[    1.260444] evm: HMAC attrs: 0x1
[    1.262483]   Magic number: 0:824:568
[    1.264362] rtc_cmos rtc_cmos: setting system clock to 2020-08-30 05:34:59 UTC (1598765699)
[    1.268372] BIOS EDD facility v0.16 2004-Jun-25, 0 devices found
[    1.271164] EDD information not available.
[    1.341960] Freeing unused kernel memory: 1492K
[    1.344177] Write protecting the kernel read-only data: 14336k
[    1.347318] Freeing unused kernel memory: 1592K
[    1.349632] Freeing unused kernel memory: 56K
Loading, please wait...
starting version 229
[    1.364594] random: systemd-udevd: uninitialized urandom read (16 bytes read, 3 bits of entropy available)
[    1.365369] random: udevadm: uninitialized urandom read (16 bytes read, 3 bits of entropy available)
[    1.365405] random: udevadm: uninitialized urandom read (16 bytes read, 3 bits of entropy available)
[    1.377368] random: udevadm: uninitialized urandom read (16 bytes read, 3 bits of entropy available)
[    1.377404] random: udevadm: uninitialized urandom read (16 bytes read, 3 bits of entropy available)
[    1.377511] random: udevadm: uninitialized urandom read (16 bytes read, 3 bits of entropy available)
[    1.377550] random: udevadm: uninitialized urandom read (16 bytes read, 3 bits of entropy available)
[    1.377590] random: udevadm: uninitialized urandom read (16 bytes read, 3 bits of entropy available)
[    1.377676] random: udevadm: uninitialized urandom read (16 bytes read, 3 bits of entropy available)
[    1.377773] random: udevadm: uninitialized urandom read (16 bytes read, 3 bits of entropy available)
[    1.431328] e1000: Intel(R) PRO/1000 Network Driver - version 7.3.21-k8-NAPI
[    1.434634] e1000: Copyright (c) 1999-2006 Intel Corporation.
[    1.439375] Fusion MPT base driver 3.04.20
[    1.441415] Copyright (c) 1999-2008 LSI Corporation
[    1.451345] Fusion MPT SPI Host driver 3.04.20
[    1.456833] AVX2 version of gcm_enc/dec engaged.
[    1.459059] AES CTR mode by8 optimization enabled
[    1.687170] input: ImExPS/2 Generic Explorer Mouse as /devices/platform/i8042/serio1/input/input4
[    2.041341] e1000 0000:00:03.0 eth0: (PCI:33MHz:32-bit) 02:d4:60:56:24:74
[    2.044496] e1000 0000:00:03.0 eth0: Intel(R) PRO/1000 Network Connection
[    3.717913] e1000 0000:00:08.0 eth1: (PCI:33MHz:32-bit) 08:00:27:56:2f:6e
[    3.721467] e1000 0000:00:08.0 eth1: Intel(R) PRO/1000 Network Connection
[    3.726463] mptbase: ioc0: Initiating bringup
[    3.727700] e1000 0000:00:08.0 enp0s8: renamed from eth1
[    3.742892] e1000 0000:00:03.0 enp0s3: renamed from eth0
[    3.806940] ioc0: LSI53C1030 A0: Capabilities={Initiator}
[    3.970339] scsi host2: ioc0: LSI53C1030 A0, FwRev=00000000h, Ports=1, MaxQ=256, IRQ=20
[    4.083765] scsi 2:0:0:0: Direct-Access     VBOX     HARDDISK         1.0  PQ: 0 ANSI: 5
[    4.087706] scsi target2:0:0: Beginning Domain Validation
[    4.092696] scsi target2:0:0: Domain Validation skipping write tests
[    4.095607] scsi target2:0:0: Ending Domain Validation
[    4.098122] scsi target2:0:0: asynchronous
[    4.101166] scsi 2:0:1:0: Direct-Access     VBOX     HARDDISK         1.0  PQ: 0 ANSI: 5
[    4.104939] scsi target2:0:1: Beginning Domain Validation
[    4.117449] scsi target2:0:1: Domain Validation skipping write tests
[    4.120397] scsi target2:0:1: Ending Domain Validation
[    4.122949] scsi target2:0:1: asynchronous
[    4.135289] sd 2:0:0:0: [sda] 20971520 512-byte logical blocks: (10.7 GB/10.0 GiB)
[    4.135419] sd 2:0:0:0: Attached scsi generic sg0 type 0
[    4.141883] sd 2:0:0:0: [sda] Write Protect is off
[    4.142096] sd 2:0:1:0: Attached scsi generic sg1 type 0
[    4.146752] sd 2:0:1:0: [sdb] 20480 512-byte logical blocks: (10.5 MB/10.0 MiB)
[    4.147379] sd 2:0:0:0: [sda] Incomplete mode parameter data
[    4.147398] sd 2:0:0:0: [sda] Assuming drive cache: write through
[    4.155205]  sda: sda1
[    4.155969] sd 2:0:0:0: [sda] Attached SCSI disk
[    4.160832] sd 2:0:1:0: [sdb] Write Protect is off
[    4.163309] sd 2:0:1:0: [sdb] Incomplete mode parameter data
[    4.166624] sd 2:0:1:0: [sdb] Assuming drive cache: write through
[    4.177680] sd 2:0:1:0: [sdb] Attached SCSI disk
Begin: Loading essential drivers ... [    5.476483] md: linear personality registered for level -1
[    5.481297] md: multipath personality registered for level -4
[    5.486168] md: raid0 personality registered for level 0
[    5.491637] md: raid1 personality registered for level 1
[    5.562731] raid6: sse2x1   gen() 13349 MB/s
[    5.630786] raid6: sse2x1   xor()  9830 MB/s
[    5.698704] raid6: sse2x2   gen() 16244 MB/s
[    5.766847] raid6: sse2x2   xor() 11256 MB/s
[    5.834843] raid6: sse2x4   gen() 18833 MB/s
[    5.902581] raid6: sse2x4   xor() 11490 MB/s
[    5.970553] raid6: avx2x1   gen() 20500 MB/s
[    6.038995] raid6: avx2x2   gen() 30215 MB/s
[    6.106761] raid6: avx2x4   gen() 33786 MB/s
[    6.108800] raid6: using algorithm avx2x4 gen() 33786 MB/s
[    6.111336] raid6: using avx2x2 recovery algorithm
[    6.114760] xor: automatically using best checksumming function:
[    6.154553]    avx       : 34115.000 MB/sec
[    6.157517] async_tx: api initialized (async)
[    6.167217] md: raid6 personality registered for level 6
[    6.169707] md: raid5 personality registered for level 5
[    6.172458] md: raid4 personality registered for level 4
[    6.180661] md: raid10 personality registered for level 10
done.
Begin: Running /scripts/init-premount ... done.
Begin: Mounting root file system ... Begin: Running /scripts/local-top ... done.
Begin: Running /scripts/local-premount ... [    6.205307] Btrfs loaded
Scanning for Btrfs filesystems
done.
Warning: fsck not present, so skipping root file system
[    6.286035] EXT4-fs (sda1): mounted filesystem with ordered data mode. Opts: (null)
done.
Begin: Running /scripts/local-bottom ... done.
Begin: Running /scripts/init-bottom ... done.
[    6.716886] systemd[1]: systemd 229 running in system mode. (+PAM +AUDIT +SELINUX +IMA +APPARMOR +SMACK +SYSVINIT +UTMP +LIBCRYPTSETUP +GCRYPT +GNUTLS +ACL +XZ -LZ4 +SECCOMP +BLKID +ELFUTILS +KMOD -IDN)
[    6.725711] systemd[1]: Detected virtualization oracle.
[    6.728339] systemd[1]: Detected architecture x86-64.

Welcome to [1mUbuntu 16.04.6 LTS[0m!

[    6.752620] systemd[1]: Set hostname to <ubuntu>.
[    6.773959] systemd[1]: Initializing machine ID from random generator.
[    6.777163] systemd[1]: Installed transient /etc/machine-id file.
[    7.252720] systemd[1]: Listening on LVM2 metadata daemon socket.
[[0;32m  OK  [0m] Listening on LVM2 metadata daemon socket.
[    7.713611] systemd[1]: Listening on udev Control Socket.
[[0;32m  OK  [0m] Listening on udev Control Socket.
[    7.771095] systemd[1]: Reached target System Time Synchronized.
[[0;32m  OK  [0m] Reached target System Time Synchronized.
[    7.787250] systemd[1]: Listening on Journal Socket (/dev/log).
[[0;32m  OK  [0m] Listening on Journal Socket (/dev/log).
[    7.807249] systemd[1]: Reached target Swap.
[[0;32m  OK  [0m] Reached target Swap.
[    8.042443] systemd[1]: Listening on udev Kernel Socket.
[[0;32m  OK  [0m] Listening on udev Kernel Socket.
[    8.581083] systemd[1]: Set up automount Arbitrary Executable File Formats File System Automount Point.
[[0;32m  OK  [0m] Set up automount Arbitrary Executab...ats File System Automount Point.
[    8.687960] systemd[1]: Listening on /dev/initctl Compatibility Named Pipe.
[[0;32m  OK  [0m] Listening on /dev/initctl Compatibility Named Pipe.
[    8.747946] systemd[1]: Listening on Syslog Socket.
[[0;32m  OK  [0m] Listening on Syslog Socket.
[    8.779230] systemd[1]: Listening on LVM2 poll daemon socket.
[[0;32m  OK  [0m] Listening on LVM2 poll daemon socket.
[    9.020790] systemd[1]: Started Trigger resolvconf update for networkd DNS.
[[0;32m  OK  [0m] Started Trigger resolvconf update for networkd DNS.
[    9.150014] systemd[1]: Started Forward Password Requests to Wall Directory Watch.
[[0;32m  OK  [0m] Started Forward Password Requests to Wall Directory Watch.
[    9.770857] systemd[1]: Reached target User and Group Name Lookups.
[[0;32m  OK  [0m] Reached target User and Group Name Lookups.
[   10.042946] systemd[1]: Reached target Encrypted Volumes.
[[0;32m  OK  [0m] Reached target Encrypted Volumes.
[   10.771207] systemd[1]: Listening on Device-mapper event daemon FIFOs.
[[0;32m  OK  [0m] Listening on Device-mapper event daemon FIFOs.
[   11.042727] systemd[1]: Listening on Journal Socket.
[[0;32m  OK  [0m] Listening on Journal Socket.
[   11.771917] systemd[1]: Created slice User and Session Slice.
[[0;32m  OK  [0m] Created slice User and Session Slice.
[   12.042922] systemd[1]: Created slice System Slice.
[[0;32m  OK  [0m] Created slice System Slice.
[   12.599509] systemd[1]: Starting Load Kernel Modules...
         Starting Load Kernel Modules...
[   12.611444] systemd[1]: Starting Remount Root and Kernel File Systems...
         Starting Remount Root and Kernel File Systems...
[   12.623786] systemd[1]: Mounting Debug File System...
         Mounting Debug File System...
[   12.632062] EXT4-fs (sda1): re-mounted. Opts: (null)
[   12.635391] systemd[1]: Reached target Slices.
[[0;32m  OK  [0m] Reached target Slices.
[   12.638456] Loading iSCSI transport class v2.0-870.
[   12.643238] systemd[1]: Created slice system-serial\x2dgetty.slice.
[[0;32m  OK  [0m] Created slice system-serial\x2dgetty.slice.
[   12.654756] iscsi: registered transport (tcp)
[   12.670775] systemd[1]: Starting Monitoring of LVM2 mirrors, snapshots etc. using dmeventd or progress polling...
         Starting Monitoring of LVM2 mirrors... dmeventd or progress polling...
[   12.679400] systemd[1]: Mounting Huge Pages File System...
         Mounting Huge Pages File System...
[   12.685786] systemd[1]: Starting Create list of required static device nodes for the current kernel...
         Starting Create list of required st... nodes for the current kernel...
[   12.692895] systemd[1]: Starting Uncomplicated firewall...
         Starting Uncomplicated firewall...
[   12.698468] systemd[1]: Listening on Journal Audit Socket.
[[0;32m  OK  [0m] Listening on Journal Audit Socket.
[   12.713128] systemd[1]: Starting Nameserver information manager...
         Starting Nameserver information manager...
[   12.730327] iscsi: registered transport (iser)
[   12.730831] systemd[1]: Mounting POSIX Message Queue File System...
         Mounting POSIX Message Queue File System...
[   12.743576] systemd[1]: Starting Set console keymap...
         Starting Set console keymap...
[   12.759407] systemd[1]: Starting Journal Service...
         Starting Journal Service...
[   12.791390] systemd[1]: Mounted Debug File System.
[[0;32m  OK  [0m] Mounted Debug File System.
[   12.798802] systemd[1]: Mounted POSIX Message Queue File System.
[[0;32m  OK  [0m] Mounted POSIX Message Queue File System.
[   12.815304] systemd[1]: Mounted Huge Pages File System.
[[0;32m  OK  [0m] Mounted Huge Pages File System.
[   12.822925] systemd[1]: Started Journal Service.
[[0;32m  OK  [0m] Started Journal Service.
[[0;32m  OK  [0m] Started Load Kernel Modules.
[[0;32m  OK  [0m] Started Remount Root and Kernel File Systems.
[[0;32m  OK  [0m] Started Create list of required sta...ce nodes for the current kernel.
[[0;32m  OK  [0m] Started Uncomplicated firewall.
[[0;32m  OK  [0m] Started Set console keymap.
[   12.881648] random: nonblocking pool is initialized
[[0;32m  OK  [0m] Started Nameserver information manager.
[[0;32m  OK  [0m] Started LVM2 metadata daemon.
         Starting Create Static Device Nodes in /dev...
         Starting udev Coldplug all Devices...
         Starting Load/Save Random Seed...
         Starting Apply Kernel Variables...
         Mounting FUSE Control File System...
         Starting Flush Journal to Persistent Storage...
[[0;32m  OK  [0m] Mounted FUSE Control File System.
[[0;32m  OK  [0m] Started Load/Save Random Seed.
[   12.956502] systemd-journald[406]: Received request to flush runtime journal from PID 1
[[0;32m  OK  [0m] Started Apply Kernel Variables.
[[0;32m  OK  [0m] Started Flush Journal to Persistent Storage.
[[0;32m  OK  [0m] Started udev Coldplug all Devices.
[[0;32m  OK  [0m] Started Create Static Device Nodes in /dev.
         Starting udev Kernel Device Manager...
[[0;32m  OK  [0m] Started udev Kernel Device Manager.
[[0;32m  OK  [0m] Started Dispatch Password Requests to Console Directory Watch.
[[0;32m  OK  [0m] Found device /dev/ttyS0.
[[0;32m  OK  [0m] Listening on Load/Save RF Kill Switch Status /dev/rfkill Watch.
[[0;32m  OK  [0m] Started Monitoring of LVM2 mirrors,...ng dmeventd or progress polling.
[[0;32m  OK  [0m] Reached target Local File Systems (Pre).
[[0;32m  OK  [0m] Reached target Local File Systems.
         Starting Commit a transient machine-id on disk...
         Starting LSB: AppArmor initialization...
         Starting Set console font and keymap...
         Starting Tell Plymouth To Write Out Runtime Data...
         Starting Create Volatile Files and Directories...
         Starting Initial cloud-init job (pre-networking)...
[[0;32m  OK  [0m] Started Commit a transient machine-id on disk.
[[0;32m  OK  [0m] Started Tell Plymouth To Write Out Runtime Data.
[[0;32m  OK  [0m] Started Create Volatile Files and Directories.
         Starting Update UTMP about System Boot/Shutdown...
[[0;32m  OK  [0m] Started Update UTMP about System Boot/Shutdown.
[[0;32m  OK  [0m] Started LSB: AppArmor initialization.
         Starting Load AppArmor profiles managed internally by snapd...
[[0;32m  OK  [0m] Started Set console font and keymap.
[[0;32m  OK  [0m] Created slice system-getty.slice.
[[0;32m  OK  [0m] Started Load AppArmor profiles managed internally by snapd.
[   15.516913] cloud-init[633]: Cloud-init v. 20.2-45-g5f7825e2-0ubuntu1~16.04.1 running 'init-local' at Sun, 30 Aug 2020 05:35:13 +0000. Up 15.18 seconds.
[[0;32m  OK  [0m] Started Initial cloud-init job (pre-networking).
[[0;32m  OK  [0m] Reached target Network (Pre).
         Starting Raise network interfaces...
[[0;32m  OK  [0m] Started Raise network interfaces.
[[0;32m  OK  [0m] Reached target Network.
         Starting Initial cloud-init job (metadata service crawler)...
[   16.714169] cloud-init[958]: Cloud-init v. 20.2-45-g5f7825e2-0ubuntu1~16.04.1 running 'init' at Sun, 30 Aug 2020 05:35:14 +0000. Up 16.04 seconds.
[   16.720549] cloud-init[958]: ci-info: ++++++++++++++++++++++++++++++++++++++Net device info+++++++++++++++++++++++++++++++++++++++
[   16.728722] cloud-init[958]: ci-info: +--------+-------+----------------------------+---------------+--------+-------------------+
[   16.736739] cloud-init[958]: ci-info: | Device |   Up  |          Address           |      Mask     | Scope  |     Hw-Address    |
[   16.744551] cloud-init[958]: ci-info: +--------+-------+----------------------------+---------------+--------+-------------------+
[   16.752529] cloud-init[958]: ci-info: | enp0s3 |  True |         10.0.2.15          | 255.255.255.0 | global | 02:d4:60:56:24:74 |
[   16.760768] cloud-init[958]: ci-info: | enp0s3 |  True | fe80::d4:60ff:fe56:2474/64 |       .       |  link  | 02:d4:60:56:24:74 |
[   16.762539] cloud-init[958]: ci-info: | enp0s8 | False |             .              |       .       |   .    | 08:00:27:56:2f:6e |
[[0;32m  OK  [0m] Started Initial cloud-init job (metadata service crawler).
[[0;32m  OK  [0m] Reached target System Initialization.
[[0;32m  OK  [0m] Started Daily apt download activities.
[   16.778532] cloud-init[958]: ci-info: |   lo   |  True |         127.0.0.1          |   255.0.0.0   |  host  |         .         |
[   16.909345] cloud-init[958]: ci-info: |   lo   |  True |          ::1/128           |       .       |  host  |         .         |
[   16.911871] [[0;32m  OK  [0m] Listening on ACPID Listen Socket.
[[0;32m  OK  [0m] Listening on UUID daemon activation socket.
[[0;32m  OK  [0m] Started Message of the Day.
[[0;32m  OK  [0m] Started Daily apt upgrade and clean activities.
cloud-init[958]: ci-info: +--------+-------+----------------------------+---------------+--------+-------------------+
[   16.918653] cloud-init[958]: ci-info: +++++++++++++++++++++++++++Route IPv4 info++++++++++++++++++++++++++++
[   16.921474] cloud-init[958]: ci-info: +-------+-------------+----------+---------------+-----------+-------+
[[0;32m  OK  [0m] Listening on D-Bus System Message Bus Socket.
[   16.944486] cloud-init[958]: ci-info: | Route | Destination | Gateway  |    Genmask    | Interface | Flags |
[   16.954344] cloud-init[958]: ci-info: +-------+-------------+----------+---------------+-----------+-------+
[   16.961743] cloud-init[958]: ci-info: |   0   |   0.0.0.0   | 10.0.2.2 |    0.0.0.0    |   enp0s3  |   UG  |
[[0;32m  OK  [0m] Started ACPI Events Check.
[[0;32m  OK  [0m] Reached target Paths.
         Starting Socket activation for snappy daemon.
[   17.122968] cloud-init[958]: ci-info: |   1   |   10.0.2.0  | 0.0.0.0  | 255.255.255.0 |   enp0s3  |   U   |
[   17.300326]          cloud-initStarting LXD - unix socket.[958]: 
ci-info: +-------+-------------+----------+---------------+-----------+-------+
[   17.308785] [cloud-init[0;32m  OK  [0m[958]: ] ci-info: +++++++++++++++++++Route IPv6 info+++++++++++++++++++Started Daily Cleanup of Temporary Directories.

[[0;32m  OK  [0m] Reached target Timers.
[[0;32m  OK  [0m] Reached target Network is Online.
[   17.309060] cloud-init[958]: ci-info: +-------+-------------+---------+-----------+-------+
[   17.318929] cloud-init[958]: ci-info: | Route | Destination | Gateway | Interface | Flags |
[   17.324469] cloud-init[958]: ci-info: +-------+-------------+---------+-----------+-------+
[   17.332502] cloud-init[958]: ci-info: |   0   |  fe80::/64  |    ::   |   enp0s3  |   U   |
         Starting iSCSI initiator daemon (iscsid)...
[   17.341142] [cloud-init[0;32m  OK  [0m[958]: ] ci-info: |   3   |   ff00::/8  |    ::   |   enp0s3  |   U   |Reached target Cloud-config availability.

[   17.360272] cloud-init[958]: ci-info: +-------+-------------+---------+-----------+-------+
[[0;32m  OK  [0m] Listening on Socket activation for snappy daemon.
[[0;32m  OK  [0m] Listening on LXD - unix socket.
[   17.361525] cloud-init[958]: Generating public/private rsa key pair.
[   17.373828] cloud-init[958]: Your identification has been saved in /etc/ssh/ssh_host_rsa_key.
[   17.380948] cloud-init[958]: Your public key has been saved in /etc/ssh/ssh_host_rsa_key.pub.
[   17.388560] [cloud-init[0;32m  OK  [0m[958]: ] The key fingerprint is:Reached target Sockets.

[   17.396825] [cloud-init[0;32m  OK  [0m[958]: ] SHA256:6niBdi4nOtQsPNViRxnvFIJqK7ENotY4613mMDudUiw root@ubuntu-xenialReached target Basic System.

[[0;32m  OK  [0m] Started Regular background program processing daemon.
[   17.411951] cloud-init[958]: The key's randomart image is:
[   17.428312] cloud-init[958]: +---[RSA 2048]----+
         Starting LSB: Record successful boot for GRUB...
[   17.436283] cloud-init[958]: |     .oo.        |
[   17.456339] [[0;32m  OK  [0m] Started D-Bus System Message Bus.
cloud-init[958]: |    . oo .       |
[   17.464577] cloud-init[958]: |   . o  o        |
[   17.472299] cloud-init[958]: |+ o + oo         |
[   17.480268] cloud-init[958]: |oBo*.+  S        |
[   17.488291] cloud-init[958]: |++BE=oo.         |
[   17.496451] cloud-init[958]: |.oo*+=o.         |
[   17.504376] cloud-init[958]: | .ooX=+          |
[   17.512338] cloud-init[958]: |...=+*.          |
[   17.520356] cloud-init[958]: +----[SHA256]-----+
[   17.528433] cloud-init[958]: Generating public/private dsa key pair.
[   17.536274] cloud-init[958]: Your identification has been saved in /etc/ssh/ssh_host_dsa_key.
[   17.544314] [cloud-init[0;32m  OK  [0m[958]: ] Your public key has been saved in /etc/ssh/ssh_host_dsa_key.pub.Started FUSE filesystem for LXC.

[   17.545984]          Starting Virtualbox guest utils...
cloud-init[958]: The key fingerprint is:
[   17.553350] cloud-init[958]: SHA256:WR9OIL4G8f7Qwys/O5jMQrk7rx1WbiXPJoEnSdK3Tlg root@ubuntu-xenial
[[0;32m  OK  [0m] Started ACPI event daemon.
[   17.555590] cloud-init[958]: The key's randomart image is:
[   17.559484] cloud-init[958]: +---[DSA 1024]----+
         Starting Login Service...
[   17.562166] cloud-init[958]: |      . . .      |
[   17.564282] cloud-init[958]: |       = . .     |
[[0;32m  OK  [0m] Started Deferred execution scheduler.
[   17.567192] cloud-init[958]: |      o = E o    |
[   17.569006] cloud-init[958]: |       = % = .   |
[   17.576646]          cloud-init[958]: |       .S @ +    |
Starting Pollinate to seed the pseudo random number generator...
[   17.578177] cloud-init[958]: |      o. X O     |
[   17.589202]          cloud-initStarting /etc/rc.local Compatibility...[958]: 
|     . ++oB +    |
[   17.593402]          cloud-initStarting Accounts Service...[958]: 
|      +o==oo     |
[   17.595326]          cloud-initStarting System Logging Service...[958]: 
|      o*o o+     |
         Starting LSB: MD monitoring daemon...
[   17.607144] cloud-init[958]: +----[SHA256]-----+
[   17.624444] cloud-init[958]: Generating public/private ecdsa key pair.
[   17.632934]          cloud-initStarting LXD - container startup/shutdown...
[958]: Your identification has been saved in /etc/ssh/ssh_host_ecdsa_key.
[   17.635628] cloud-init[958]: Your public key has been saved in /etc/ssh/ssh_host_ecdsa_key.pub.
[   17.640280]          Starting Snap Daemon...
cloud-init[958]: The key fingerprint is:
[   17.641500] cloud-init[958]: SHA256:OMqNdvRgK/VsB6DjgoTj4K1H/LOq8LKz3SsORLusPs0 root@ubuntu-xenial
[[0;32m  OK  [0m] Started iSCSI initiator daemon (iscsid).
[   17.644549] cloud-init[958]: The key's randomart image is:
[   17.652605] cloud-init[958]: +---[ECDSA 256]---+
[[   17.653037] [0;32m  OK  [0mcloud-init] [958]: |                 |
Started /etc/rc.local Compatibility.[   17.653507] cloud-init[958]: |                 |
[   17.653668] cloud-init[958]: | .    .          |
[   17.653915] cloud-init[958]: |o .  . o         |

[   17.654001] cloud-init[958]: |++. o B S        |
[   17.654134] cloud-init[958]: |Boo= O B .       |
[   17.654277] cloud-init[958]: |+==.O + = .      |
[   17.657929] cloud-init[958]: |==oE = . .       |
[   17.668390] cloud-init[958]: |=XBo+oo          |
[   17.680972] cloud-init[958]: +----[SHA256]-----+
[[0;32m  OK  [0m] Started Login Service.
[   17.681690] cloud-init[958]: Generating public/private ed25519 key pair.
[   17.684731] cloud-init[958]: Your identification has been saved in /etc/ssh/ssh_host_ed25519_key.
[   17.687653] cloud-init[958]: Your public key has been saved in /etc/ssh/ssh_host_ed25519_key.pub.
[   17.696812] cloud-init[958]: The key fingerprint is:
[[0;32m  OK  [0m] Started Unattended Upgrades Shutdown.
         Starting Login to default iSCSI targets...
[   17.725556] cloud-init[958]: SHA256:82s+7Zq06bJf4MouraJuE+k9K6Q1qgM4Wv2u6e3nkIs root@ubuntu-xenial
[   17.728555] cloud-init[958]: The key's randomart image is:
[   17.731864] cloud-init[958]: +--[ED25519 256]--+
[   17.734494] cloud-init[958]: |                 |
[   17.744304] cloud-init[958]: |                 |
[[0;32m  OK  [0m] Started LSB: Record successful boot for GRUB.
[[0;32m  OK  [0m] Started System Logging Service.
[   17.758257] cloud-init[958]: |                 |
[   17.759709] cloud-init[958]: |                 |
[   17.776801] cloud-init[958]: |.  o    S .      |
[   17.784407] cloud-init[958]: |+ B .  . + .     |
[   17.792999] cloud-init[958]: |oO + .o.  +..    |
[   17.799930] cloud-init[958]: |= = ++o++oo*.    |
[   17.809504] cloud-init[958]: |o+o=EB***BX+.    |
[   17.816532] cloud-init[958]: +----[SHA256]-----+
[[0;32m  OK  [0m] Started LSB: MD monitoring daemon.
[[0;32m  OK  [0m] Started Login to default iSCSI targets.
[[0;32m  OK  [0m] Reached target Remote File Systems (Pre).
[[0;32m  OK  [0m] Reached target Remote File Systems.
         Starting Permit User Sessions...
         Starting LSB: automatic crash report generation...
         Starting LSB: Set the CPU Frequency Scaling governor to "ondemand"...
         Starting LSB: daemon to balance interrupts for SMP systems...
[[0;32m  OK  [0m] Started Permit User Sessions.
         Starting Terminate Plymouth Boot Screen...
         Starting Hold until boot process finishes up...
[[0;32m  OK  [0m] Started Hold until boot process finishes up.
[[0;32m  OK  [0m] Started Terminate Plymouth Boot Screen.
[[0;32m  OK  [0m] Started Getty on tty1.
         Starting Set console scheme...
[[0;32m  OK  [0m] Started Serial Getty on ttyS0.
[[0;32m  OK  [0m] Reached target Login Prompts.
[[0;32m  OK  [0m] Started Set console scheme.
         Starting Authenticate and Authorize Users to Run Privileged Tasks...
[[0;32m  OK  [0m] Started LSB: Set the CPU Frequency Scaling governor to "ondemand".
[[0;32m  OK  [0m] Started LSB: daemon to balance interrupts for SMP systems.
[[0;32m  OK  [0m] Started LSB: automatic crash report generation.
[[0;32m  OK  [0m] Started Authenticate and Authorize Users to Run Privileged Tasks.
[[0;32m  OK  [0m] Started Accounts Service.
[[0;32m  OK  [0m] Started Virtualbox guest utils.
[[0;32m  OK  [0m] Started LXD - container startup/shutdown.
[[0;32m  OK  [0m] Started Snap Daemon.
         Starting Wait until snapd is fully seeded...
[[0;32m  OK  [0m] Started Wait until snapd is fully seeded.
         Starting Apply the settings specified in cloud-config...
[   19.256878] cloud-init[1291]: Generating locales (this might take a while)...
[[0;32m  OK  [0m] Started Pollinate to seed the pseudo random number generator.
         Starting OpenBSD Secure Shell server...
[[0;32m  OK  [0m] Started OpenBSD Secure Shell server.
[[0;32m  OK  [0m] Reached target Multi-User System.
[[0;32m  OK  [0m] Reached target Graphical Interface.
         Starting Update UTMP about System Runlevel Changes...
[[0;32m  OK  [0m] Started Update UTMP about System Runlevel Changes.
[[0;32m  OK  [0m] Created slice User Slice of vagrant.
         Starting User Manager for UID 1000...
[[0;32m  OK  [0m] Started Session 1 of user vagrant.
[[0;32m  OK  [0m] Started User Manager for UID 1000.
[   20.051855] cloud-init[1291]:   en_US.UTF-8... done
[   20.060421] cloud-init[1291]: Generation complete.
[   20.951378] cloud-init[1291]: Cloud-init v. 20.2-45-g5f7825e2-0ubuntu1~16.04.1 running 'modules:config' at Sun, 30 Aug 2020 05:35:17 +0000. Up 19.09 seconds.
[[0;32m  OK  [0m] Started Apply the settings specified in cloud-config.
         Starting Execute cloud user/final scripts...
ci-info: no authorized SSH keys fingerprints found for user ubuntu.
<14>Aug 30 05:35:20 ec2: 
<14>Aug 30 05:35:20 ec2: #############################################################
<14>Aug 30 05:35:20 ec2: -----BEGIN SSH HOST KEY FINGERPRINTS-----
<14>Aug 30 05:35:20 ec2: 1024 SHA256:WR9OIL4G8f7Qwys/O5jMQrk7rx1WbiXPJoEnSdK3Tlg root@ubuntu-xenial (DSA)
<14>Aug 30 05:35:20 ec2: 256 SHA256:OMqNdvRgK/VsB6DjgoTj4K1H/LOq8LKz3SsORLusPs0 root@ubuntu-xenial (ECDSA)
<14>Aug 30 05:35:20 ec2: 256 SHA256:82s+7Zq06bJf4MouraJuE+k9K6Q1qgM4Wv2u6e3nkIs root@ubuntu-xenial (ED25519)
<14>Aug 30 05:35:20 ec2: 2048 SHA256:6niBdi4nOtQsPNViRxnvFIJqK7ENotY4613mMDudUiw root@ubuntu-xenial (RSA)
<14>Aug 30 05:35:20 ec2: -----END SSH HOST KEY FINGERPRINTS-----
<14>Aug 30 05:35:20 ec2: #############################################################
-----BEGIN SSH HOST KEY KEYS-----
ecdsa-sha2-nistp256 AAAAE2VjZHNhLXNoYTItbmlzdHAyNTYAAAAIbmlzdHAyNTYAAABBBKs6tVtihnpURlBHPJtiPNQStl4nIigsygGzMRdNgojIb1sCTcUBVJYhaE+caACTWwWDAA/tJWqviLxZMHgqqCY= root@ubuntu-xenial
ssh-ed25519 AAAAC3NzaC1lZDI1NTE5AAAAIGeEHgHRrQmDc5fRXt0Zz8k7H5W7/D9igSbxE2K+5kNe root@ubuntu-xenial
ssh-rsa AAAAB3NzaC1yc2EAAAADAQABAAABAQDfONfafUNk//9kK7ADKdWjCR5kX8/XPvwtF6i03t1rLNv9edPJoivTfL2YvlB44zf0hpWkhaC3srDcRsWPzNJ4xa5VPf4EULSNbPRVK9hY0BBkaydZetu/Ce9qR7Hg8t3q6a58ifhp/nUqaRTP0pJdIg7Qw3ekCwGj1/oweeag89+OxNsZta4UUeCzMMUQ7E2NIEDT+TcyyAel1w/CokMYfdJEUVKCG/tDXg+1cJ+G8Tv6BlRTuRwhXDh6GsAz/08+lKEJjaUky+PZ41vyAERq7sOfy9f8XFtt/eHTelICcbJVywpFaHMqgnTk+3mTTSdYiT0YyNhk7MQjrD3C2Y/z root@ubuntu-xenial
-----END SSH HOST KEY KEYS-----
[   21.665991] cloud-init[1473]: Cloud-init v. 20.2-45-g5f7825e2-0ubuntu1~16.04.1 running 'modules:final' at Sun, 30 Aug 2020 05:35:20 +0000. Up 21.48 seconds.
[   21.672579] cloud-init[1473]: ci-info: no authorized SSH keys fingerprints found for user ubuntu.
[   21.681008] cloud-init[1473]: Cloud-init v. 20.2-45-g5f7825e2-0ubuntu1~16.04.1 finished at Sun, 30 Aug 2020 05:35:20 +0000. Datasource DataSourceNoCloud [seed=/dev/sdb][dsmode=net].  Up 21.65 seconds
[[0;32m  OK  [0m] Started Execute cloud user/final scripts.
[[0;32m  OK  [0m] Reached target Cloud-init target.

Ubuntu 16.04.6 LTS ubuntu-xenial ttyS0

ubuntu-xenial login: 